Reading data file /media/tihan/pavan/kala/reports/lcov-report/lcov.info
Found 1850 entries.
Found common filename prefix "/media/tihan/pavan/kala/libraries"
Writing .css and .png files.
Generating output.
Processing file /media/tihan/pavan/kala/AntennaTracker/mode.cpp
Processing file /media/tihan/pavan/kala/AntennaTracker/mode_manual.cpp
Processing file /media/tihan/pavan/kala/AntennaTracker/Parameters.h
Processing file /media/tihan/pavan/kala/AntennaTracker/mode_scan.cpp
Processing file /media/tihan/pavan/kala/AntennaTracker/Log.cpp
Processing file /media/tihan/pavan/kala/AntennaTracker/RC_Channel_Tracker.cpp
Processing file /media/tihan/pavan/kala/AntennaTracker/mode_auto.cpp
Processing file /media/tihan/pavan/kala/AntennaTracker/Tracker.cpp
Processing file /media/tihan/pavan/kala/AntennaTracker/GCS_MAVLink_Tracker.cpp
Processing file /media/tihan/pavan/kala/AntennaTracker/mode_servotest.cpp
Processing file /media/tihan/pavan/kala/AntennaTracker/GCS_Tracker.cpp
Processing file /media/tihan/pavan/kala/AntennaTracker/radio.cpp
Processing file /media/tihan/pavan/kala/AntennaTracker/tracking.cpp
Processing file /media/tihan/pavan/kala/AntennaTracker/mode_guided.cpp
Processing file /media/tihan/pavan/kala/AntennaTracker/GCS_Tracker.h
Processing file /media/tihan/pavan/kala/AntennaTracker/GCS_MAVLink_Tracker.h
Processing file /media/tihan/pavan/kala/AntennaTracker/servos.cpp
Processing file /media/tihan/pavan/kala/AntennaTracker/Parameters.cpp
Processing file /media/tihan/pavan/kala/AntennaTracker/mode.h
Processing file /media/tihan/pavan/kala/AntennaTracker/Tracker.h
Processing file /media/tihan/pavan/kala/AntennaTracker/RC_Channel_Tracker.h
Processing file /media/tihan/pavan/kala/AntennaTracker/system.cpp
Processing file /media/tihan/pavan/kala/AntennaTracker/sensors.cpp
Processing file /media/tihan/pavan/kala/ArduPlane/mode_qautotune.cpp
Processing file /media/tihan/pavan/kala/ArduPlane/radio.cpp
Processing file /media/tihan/pavan/kala/ArduPlane/mode_manual.cpp
Processing file /media/tihan/pavan/kala/ArduPlane/motor_test.cpp
Processing file /media/tihan/pavan/kala/ArduPlane/tiltrotor.cpp
Processing file /media/tihan/pavan/kala/ArduPlane/mode_rtl.cpp
Processing file /media/tihan/pavan/kala/ArduPlane/RC_Channel_Plane.cpp
Processing file /media/tihan/pavan/kala/ArduPlane/tuning.h
Processing file /media/tihan/pavan/kala/ArduPlane/qautotune.cpp
Processing file /media/tihan/pavan/kala/ArduPlane/GCS_MAVLink_Plane.cpp
Processing file /media/tihan/pavan/kala/ArduPlane/mode_qrtl.cpp
Processing file /media/tihan/pavan/kala/ArduPlane/tuning.cpp
Processing file /media/tihan/pavan/kala/ArduPlane/mode_fbwa.cpp
Processing file /media/tihan/pavan/kala/ArduPlane/ekf_check.cpp
Processing file /media/tihan/pavan/kala/ArduPlane/tailsitter.h
Processing file /media/tihan/pavan/kala/ArduPlane/Attitude.cpp
Processing file /media/tihan/pavan/kala/ArduPlane/mode_circle.cpp
Processing file /media/tihan/pavan/kala/ArduPlane/mode_cruise.cpp
Processing file /media/tihan/pavan/kala/ArduPlane/mode_qhover.cpp
Processing file /media/tihan/pavan/kala/ArduPlane/Plane.cpp
Processing file /media/tihan/pavan/kala/ArduPlane/mode_auto.cpp
Processing file /media/tihan/pavan/kala/ArduPlane/quadplane.cpp
Processing file /media/tihan/pavan/kala/ArduPlane/takeoff.cpp
Processing file /media/tihan/pavan/kala/ArduPlane/mode.h
Processing file /media/tihan/pavan/kala/ArduPlane/parachute.cpp
Processing file /media/tihan/pavan/kala/ArduPlane/GCS_Plane.cpp
Processing file /media/tihan/pavan/kala/ArduPlane/mode_stabilize.cpp
Processing file /media/tihan/pavan/kala/ArduPlane/mode_qacro.cpp
Processing file /media/tihan/pavan/kala/ArduPlane/control_modes.cpp
Processing file /media/tihan/pavan/kala/ArduPlane/mode_loiter.cpp
Processing file /media/tihan/pavan/kala/ArduPlane/mode_takeoff.cpp
Processing file /media/tihan/pavan/kala/ArduPlane/commands.cpp
Processing file /media/tihan/pavan/kala/ArduPlane/mode_thermal.cpp
Processing file /media/tihan/pavan/kala/ArduPlane/Log.cpp
Processing file /media/tihan/pavan/kala/ArduPlane/mode_training.cpp
Processing file /media/tihan/pavan/kala/ArduPlane/tiltrotor.h
Processing file /media/tihan/pavan/kala/ArduPlane/VTOL_Assist.cpp
Processing file /media/tihan/pavan/kala/ArduPlane/system.cpp
Processing file /media/tihan/pavan/kala/ArduPlane/mode.cpp
Processing file /media/tihan/pavan/kala/ArduPlane/Parameters.cpp
Processing file /media/tihan/pavan/kala/ArduPlane/mode_qland.cpp
Processing file /media/tihan/pavan/kala/ArduPlane/reverse_thrust.cpp
Processing file /media/tihan/pavan/kala/ArduPlane/fence.cpp
Processing file /media/tihan/pavan/kala/ArduPlane/avoidance_adsb.cpp
Processing file /media/tihan/pavan/kala/ArduPlane/mode_avoidADSB.cpp
Processing file /media/tihan/pavan/kala/ArduPlane/mode_guided.cpp
Processing file /media/tihan/pavan/kala/ArduPlane/AP_ExternalControl_Plane.cpp
Processing file /media/tihan/pavan/kala/ArduPlane/soaring.cpp
Processing file /media/tihan/pavan/kala/ArduPlane/quadplane.h
Processing file /media/tihan/pavan/kala/ArduPlane/servos.cpp
Processing file /media/tihan/pavan/kala/ArduPlane/transition.h
Processing file /media/tihan/pavan/kala/ArduPlane/mode_autoland.cpp
Processing file /media/tihan/pavan/kala/ArduPlane/altitude.cpp
Processing file /media/tihan/pavan/kala/ArduPlane/AP_Arming_Plane.cpp
Processing file /media/tihan/pavan/kala/ArduPlane/pullup.cpp
Processing file /media/tihan/pavan/kala/ArduPlane/afs_plane.cpp
Processing file /media/tihan/pavan/kala/ArduPlane/mode_LoiterAltQLand.cpp
Processing file /media/tihan/pavan/kala/ArduPlane/GCS_Plane.h
Processing file /media/tihan/pavan/kala/ArduPlane/sensors.cpp
Processing file /media/tihan/pavan/kala/ArduPlane/navigation.cpp
Processing file /media/tihan/pavan/kala/ArduPlane/VTOL_Assist.h
Processing file /media/tihan/pavan/kala/ArduPlane/mode_qloiter.cpp
Processing file /media/tihan/pavan/kala/ArduPlane/events.cpp
Processing file /media/tihan/pavan/kala/ArduPlane/mode_qstabilize.cpp
Processing file /media/tihan/pavan/kala/ArduPlane/systemid.cpp
Processing file /media/tihan/pavan/kala/ArduPlane/is_flying.cpp
Processing file /media/tihan/pavan/kala/ArduPlane/mode_acro.cpp
Processing file /media/tihan/pavan/kala/ArduPlane/GCS_MAVLink_Plane.h
Processing file /media/tihan/pavan/kala/ArduPlane/Plane.h
Processing file /media/tihan/pavan/kala/ArduPlane/systemid.h
Processing file /media/tihan/pavan/kala/ArduPlane/AP_Arming_Plane.h
Processing file /media/tihan/pavan/kala/ArduPlane/mode_fbwb.cpp
Processing file /media/tihan/pavan/kala/ArduPlane/commands_logic.cpp
Processing file /media/tihan/pavan/kala/ArduPlane/RC_Channel_Plane.h
Processing file /media/tihan/pavan/kala/ArduPlane/pullup.h
Processing file /media/tihan/pavan/kala/ArduPlane/tailsitter.cpp
Processing file /media/tihan/pavan/kala/ArduPlane/mode_autotune.cpp
Processing file /media/tihan/pavan/kala/ArduPlane/failsafe.cpp
Processing file /media/tihan/pavan/kala/ArduSub/Parameters.cpp
Processing file /media/tihan/pavan/kala/ArduSub/mode_acro.cpp
Processing file /media/tihan/pavan/kala/ArduSub/RC_Channel_Sub.cpp
Processing file /media/tihan/pavan/kala/ArduSub/mode.cpp
Processing file /media/tihan/pavan/kala/ArduSub/mode_surface.cpp
Processing file /media/tihan/pavan/kala/ArduSub/mode.h
Processing file /media/tihan/pavan/kala/ArduSub/system.cpp
Processing file /media/tihan/pavan/kala/ArduSub/Sub.h
Processing file /media/tihan/pavan/kala/ArduSub/GCS_Sub.cpp
Processing file /media/tihan/pavan/kala/ArduSub/mode_stabilize.cpp
Processing file /media/tihan/pavan/kala/ArduSub/failsafe.cpp
Processing file /media/tihan/pavan/kala/ArduSub/AP_Arming_Sub.cpp
Processing file /media/tihan/pavan/kala/ArduSub/joystick.cpp
Processing file /media/tihan/pavan/kala/ArduSub/mode_manual.cpp
Processing file /media/tihan/pavan/kala/ArduSub/mode_guided.cpp
Processing file /media/tihan/pavan/kala/ArduSub/mode_poshold.cpp
Processing file /media/tihan/pavan/kala/ArduSub/radio.cpp
Processing file /media/tihan/pavan/kala/ArduSub/Parameters.h
Processing file /media/tihan/pavan/kala/ArduSub/script_button.cpp
Processing file /media/tihan/pavan/kala/ArduSub/GCS_Sub.h
Processing file /media/tihan/pavan/kala/ArduSub/fence.cpp
Processing file /media/tihan/pavan/kala/ArduSub/AP_Arming_Sub.h
Processing file /media/tihan/pavan/kala/ArduSub/GCS_MAVLink_Sub.cpp
Processing file /media/tihan/pavan/kala/ArduSub/script_button.h
Processing file /media/tihan/pavan/kala/ArduSub/sensors.cpp
Processing file /media/tihan/pavan/kala/ArduSub/inertia.cpp
Processing file /media/tihan/pavan/kala/ArduSub/mode_motordetect.cpp
Processing file /media/tihan/pavan/kala/ArduSub/commands.cpp
Processing file /media/tihan/pavan/kala/ArduSub/mode_auto.cpp
Processing file /media/tihan/pavan/kala/ArduSub/surface_bottom_detector.cpp
Processing file /media/tihan/pavan/kala/ArduSub/mode_surftrak.cpp
Processing file /media/tihan/pavan/kala/ArduSub/terrain.cpp
Processing file /media/tihan/pavan/kala/ArduSub/Attitude.cpp
Processing file /media/tihan/pavan/kala/ArduSub/Sub.cpp
Processing file /media/tihan/pavan/kala/ArduSub/Log.cpp
Processing file /media/tihan/pavan/kala/ArduSub/mode_althold.cpp
Processing file /media/tihan/pavan/kala/ArduSub/turn_counter.cpp
Processing file /media/tihan/pavan/kala/ArduSub/motors.cpp
Processing file /media/tihan/pavan/kala/ArduSub/mode_circle.cpp
Processing file /media/tihan/pavan/kala/ArduSub/RC_Channel_Sub.h
Processing file /media/tihan/pavan/kala/ArduSub/actuators.cpp
Processing file /media/tihan/pavan/kala/ArduSub/commands_logic.cpp
Processing file /media/tihan/pavan/kala/Kala/system.cpp
Processing file /media/tihan/pavan/kala/Kala/fence.cpp
Processing file /media/tihan/pavan/kala/Kala/mode_stabilize.cpp
Processing file /media/tihan/pavan/kala/Kala/AP_Arming_Copter.cpp
Processing file /media/tihan/pavan/kala/Kala/Parameters.cpp
Processing file /media/tihan/pavan/kala/Kala/GCS_Copter.h
Processing file /media/tihan/pavan/kala/Kala/Parameters.h
Processing file /media/tihan/pavan/kala/Kala/rate_thread.cpp
Processing file /media/tihan/pavan/kala/Kala/failsafe.cpp
Processing file /media/tihan/pavan/kala/Kala/mode.h
Processing file /media/tihan/pavan/kala/Kala/mode.cpp
Processing file /media/tihan/pavan/kala/Kala/mode_flowhold.cpp
Processing file /media/tihan/pavan/kala/Kala/mode_land.cpp
Processing file /media/tihan/pavan/kala/Kala/inertia.cpp
Processing file /media/tihan/pavan/kala/Kala/mode_poshold.cpp
Processing file /media/tihan/pavan/kala/Kala/mode_avoid_adsb.cpp
Processing file /media/tihan/pavan/kala/Kala/standby.cpp
Processing file /media/tihan/pavan/kala/Kala/RC_Channel_Copter.cpp
Processing file /media/tihan/pavan/kala/Kala/mode_brake.cpp
Processing file /media/tihan/pavan/kala/Kala/Copter.h
Processing file /media/tihan/pavan/kala/Kala/mode_zigzag.cpp
Processing file /media/tihan/pavan/kala/Kala/radio.cpp
Processing file /media/tihan/pavan/kala/Kala/crash_check.cpp
Processing file /media/tihan/pavan/kala/Kala/mode_guided.cpp
Processing file /media/tihan/pavan/kala/Kala/AP_ExternalControl_Copter.cpp
Processing file /media/tihan/pavan/kala/Kala/AP_Rally.cpp
Processing file /media/tihan/pavan/kala/Kala/precision_landing.cpp
Processing file /media/tihan/pavan/kala/Kala/heli.cpp
Processing file /media/tihan/pavan/kala/Kala/mode_autotune.cpp
Processing file /media/tihan/pavan/kala/Kala/GCS_Copter.cpp
Processing file /media/tihan/pavan/kala/Kala/sensors.cpp
Processing file /media/tihan/pavan/kala/Kala/AP_Arming_Copter.h
Processing file /media/tihan/pavan/kala/Kala/mode_guided_nogps.cpp
Processing file /media/tihan/pavan/kala/Kala/mode_acro.cpp
Processing file /media/tihan/pavan/kala/Kala/mode_throw.cpp
Processing file /media/tihan/pavan/kala/Kala/mode_auto.cpp
Processing file /media/tihan/pavan/kala/Kala/ekf_check.cpp
Processing file /media/tihan/pavan/kala/Kala/GCS_MAVLink_Copter.cpp
Processing file /media/tihan/pavan/kala/Kala/surface_tracking.cpp
Processing file /media/tihan/pavan/kala/Kala/autoyaw.cpp
Processing file /media/tihan/pavan/kala/Kala/mode_systemid.cpp
Processing file /media/tihan/pavan/kala/Kala/land_detector.cpp
Processing file /media/tihan/pavan/kala/Kala/compassmot.cpp
Processing file /media/tihan/pavan/kala/Kala/Attitude.cpp
Processing file /media/tihan/pavan/kala/Kala/motor_test.cpp
Processing file /media/tihan/pavan/kala/Kala/tuning.cpp
Processing file /media/tihan/pavan/kala/Kala/mode_circle.cpp
Processing file /media/tihan/pavan/kala/Kala/landing_gear.cpp
Processing file /media/tihan/pavan/kala/Kala/mode_flip.cpp
Processing file /media/tihan/pavan/kala/Kala/AP_Rally.h
Processing file /media/tihan/pavan/kala/Kala/mode_autorotate.cpp
Processing file /media/tihan/pavan/kala/Kala/mode_acro_heli.cpp
Processing file /media/tihan/pavan/kala/Kala/Log.cpp
Processing file /media/tihan/pavan/kala/Kala/baro_ground_effect.cpp
Processing file /media/tihan/pavan/kala/Kala/commands.cpp
Processing file /media/tihan/pavan/kala/Kala/esc_calibration.cpp
Processing file /media/tihan/pavan/kala/Kala/Copter.cpp
Processing file /media/tihan/pavan/kala/Kala/AP_State.cpp
Processing file /media/tihan/pavan/kala/Kala/mode_guided_custom.cpp
Processing file /media/tihan/pavan/kala/Kala/avoidance_adsb.cpp
Processing file /media/tihan/pavan/kala/Kala/mode_smart_rtl.cpp
Processing file /media/tihan/pavan/kala/Kala/RC_Channel_Copter.h
Processing file /media/tihan/pavan/kala/Kala/mode_stabilize_heli.cpp
Processing file /media/tihan/pavan/kala/Kala/terrain.cpp
Processing file /media/tihan/pavan/kala/Kala/avoidance.cpp
Processing file /media/tihan/pavan/kala/Kala/takeoff_check.cpp
Processing file /media/tihan/pavan/kala/Kala/navigation.cpp
Processing file /media/tihan/pavan/kala/Kala/mode_rtl.cpp
Processing file /media/tihan/pavan/kala/Kala/motors.cpp
Processing file /media/tihan/pavan/kala/Kala/mode_loiter.cpp
Processing file /media/tihan/pavan/kala/Kala/mode_althold.cpp
Processing file /media/tihan/pavan/kala/Kala/takeoff.cpp
Processing file /media/tihan/pavan/kala/Kala/mode_follow.cpp
Processing file /media/tihan/pavan/kala/Kala/GCS_MAVLink_Copter.h
Processing file /media/tihan/pavan/kala/Kala/events.cpp
Processing file /media/tihan/pavan/kala/Kala/mode_drift.cpp
Processing file /media/tihan/pavan/kala/Rover/Rover.h
Processing file /media/tihan/pavan/kala/Rover/mode_rtl.cpp
Processing file /media/tihan/pavan/kala/Rover/AP_ExternalControl_Rover.cpp
Processing file /media/tihan/pavan/kala/Rover/balance_bot.cpp
Processing file /media/tihan/pavan/kala/Rover/crash_check.cpp
Processing file /media/tihan/pavan/kala/Rover/Parameters.cpp
Processing file /media/tihan/pavan/kala/Rover/GCS_MAVLink_Rover.cpp
Processing file /media/tihan/pavan/kala/Rover/fence.cpp
Processing file /media/tihan/pavan/kala/Rover/AP_Arming_Rover.h
Processing file /media/tihan/pavan/kala/Rover/radio.cpp
Processing file /media/tihan/pavan/kala/Rover/sailboat.cpp
Processing file /media/tihan/pavan/kala/Rover/commands.cpp
Processing file /media/tihan/pavan/kala/Rover/mode_acro.cpp
Processing file /media/tihan/pavan/kala/Rover/sensors.cpp
Processing file /media/tihan/pavan/kala/Rover/mode_circle.cpp
Processing file /media/tihan/pavan/kala/Rover/mode_smart_rtl.cpp
Processing file /media/tihan/pavan/kala/Rover/GCS_Rover.cpp
Processing file /media/tihan/pavan/kala/Rover/RC_Channel_Rover.h
Processing file /media/tihan/pavan/kala/Rover/failsafe.cpp
Processing file /media/tihan/pavan/kala/Rover/Log.cpp
Processing file /media/tihan/pavan/kala/Rover/AP_Rally.cpp
Processing file /media/tihan/pavan/kala/Rover/cruise_learn.cpp
Processing file /media/tihan/pavan/kala/Rover/mode_simple.cpp
Processing file /media/tihan/pavan/kala/Rover/precision_landing.cpp
Processing file /media/tihan/pavan/kala/Rover/system.cpp
Processing file /media/tihan/pavan/kala/Rover/GCS_MAVLink_Rover.h
Processing file /media/tihan/pavan/kala/Rover/motor_test.cpp
Processing file /media/tihan/pavan/kala/Rover/Steering.cpp
Processing file /media/tihan/pavan/kala/Rover/mode.h
Processing file /media/tihan/pavan/kala/Rover/Parameters.h
Processing file /media/tihan/pavan/kala/Rover/ekf_check.cpp
Processing file /media/tihan/pavan/kala/Rover/mode_manual.cpp
Processing file /media/tihan/pavan/kala/Rover/mode_dock.cpp
Processing file /media/tihan/pavan/kala/Rover/Rover.cpp
Processing file /media/tihan/pavan/kala/Rover/RC_Channel_Rover.cpp
Processing file /media/tihan/pavan/kala/Rover/sailboat.h
Processing file /media/tihan/pavan/kala/Rover/mode_loiter.cpp
Processing file /media/tihan/pavan/kala/Rover/AP_Rally.h
Processing file /media/tihan/pavan/kala/Rover/mode_auto.cpp
Processing file /media/tihan/pavan/kala/Rover/mode_steering.cpp
Processing file /media/tihan/pavan/kala/Rover/mode_follow.cpp
Processing file /media/tihan/pavan/kala/Rover/mode_guided.cpp
Processing file /media/tihan/pavan/kala/Rover/mode.cpp
Processing file /media/tihan/pavan/kala/Rover/AP_Arming_Rover.cpp
Processing file /media/tihan/pavan/kala/Rover/mode_hold.cpp
Processing file /media/tihan/pavan/kala/Rover/GCS_Rover.h
Processing file AC_AttitudeControl/AC_AttitudeControl.cpp
Processing file AC_AttitudeControl/AC_PosControl_Logging.cpp
Processing file AC_AttitudeControl/AC_AttitudeControl_Multi_6DoF.h
Processing file AC_AttitudeControl/AC_AttitudeControl_Heli.h
Processing file AC_AttitudeControl/AC_AttitudeControl_Sub.h
Processing file AC_AttitudeControl/AC_AttitudeControl_TS.h
Processing file AC_AttitudeControl/AC_AttitudeControl_Multi_6DoF.cpp
Processing file AC_AttitudeControl/AC_AttitudeControl_TS.cpp
Processing file AC_AttitudeControl/AC_AttitudeControl_Sub.cpp
Processing file AC_AttitudeControl/AC_PosControl.cpp
Processing file AC_AttitudeControl/AC_AttitudeControl_Logging.cpp
Processing file AC_AttitudeControl/AC_WeatherVane.cpp
Processing file AC_AttitudeControl/AC_PosControl.h
Processing file AC_AttitudeControl/AC_AttitudeControl_Heli.cpp
Processing file AC_AttitudeControl/AC_AttitudeControl.h
Processing file AC_AttitudeControl/AC_WeatherVane.h
Processing file AC_AttitudeControl/AC_AttitudeControl_Multi.h
Processing file AC_AttitudeControl/AC_CommandModel.h
Processing file AC_AttitudeControl/AC_CommandModel.cpp
Processing file AC_AttitudeControl/AC_AttitudeControl_Multi.cpp
Processing file AC_AutoTune/AC_AutoTune_Multi.cpp
Processing file AC_AutoTune/AC_AutoTune_FreqResp.h
Processing file AC_AutoTune/AC_AutoTune.h
Processing file AC_AutoTune/AC_AutoTune.cpp
Processing file AC_AutoTune/AC_AutoTune_Heli.h
Processing file AC_AutoTune/AC_AutoTune_Multi.h
Processing file AC_AutoTune/AC_AutoTune_FreqResp.cpp
Processing file AC_AutoTune/AC_AutoTune_Heli.cpp
Processing file AC_Autorotation/RSC_Autorotation.cpp
Processing file AC_Autorotation/RSC_Autorotation.h
Processing file AC_Autorotation/AC_Autorotation.h
Processing file AC_Autorotation/AC_Autorotation.cpp
Processing file AC_Avoidance/AP_OADatabase.cpp
Processing file AC_Avoidance/AP_OAPathPlanner.h
Processing file AC_Avoidance/AP_OADatabase.h
Processing file AC_Avoidance/AP_OADijkstra.cpp
Processing file AC_Avoidance/AP_OAVisGraph.h
Processing file AC_Avoidance/AP_OAVisGraph.cpp
Processing file AC_Avoidance/AP_OABendyRuler.h
Processing file AC_Avoidance/AC_Avoid.h
Processing file AC_Avoidance/AP_OAPathPlanner.cpp
Processing file AC_Avoidance/AC_Avoid.cpp
Processing file AC_Avoidance/AP_OADijkstra.h
Processing file AC_Avoidance/AC_Avoidance_Logging.cpp
Processing file AC_Avoidance/AP_OABendyRuler.cpp
Processing file AC_Fence/AC_Fence.h
Processing file AC_Fence/AC_PolyFence_loader.h
Processing file AC_Fence/AC_PolyFence_loader.cpp
Processing file AC_Fence/AC_Fence.cpp
Processing file AC_InputManager/AC_InputManager.h
Processing file AC_InputManager/AC_InputManager_Heli.cpp
Processing file AC_InputManager/AC_InputManager_Heli.h
Processing file AC_PID/AC_P.cpp
Processing file AC_PID/AC_PID.h
Processing file AC_PID/AC_P_2D.cpp
Processing file AC_PID/AC_PID.cpp
Processing file AC_PID/AC_PID_2D.cpp
Processing file AC_PID/AC_PI_2D.cpp
Processing file AC_PID/AC_HELI_PID.cpp
Processing file AC_PID/AC_P_1D.cpp
Processing file AC_PID/AC_PID_Basic.h
Processing file AC_PID/AC_PID_Basic.cpp
Processing file AC_PID/AC_P_1D.h
Processing file AC_PID/AC_P.h
Processing file AC_PID/AC_P_2D.h
Processing file AC_PID/AC_HELI_PID.h
Processing file AC_PID/AC_PID_2D.h
Processing file AC_PrecLand/AC_PrecLand_SITL.cpp
Processing file AC_PrecLand/AC_PrecLand_Backend.h
Processing file AC_PrecLand/AC_PrecLand_IRLock.cpp
Processing file AC_PrecLand/AC_PrecLand_SITL_Gazebo.cpp
Processing file AC_PrecLand/AC_PrecLand_MAVLink.cpp
Processing file AC_PrecLand/PosVelEKF.cpp
Processing file AC_PrecLand/PosVelEKF.h
Processing file AC_PrecLand/AC_PrecLand_StateMachine.h
Processing file AC_PrecLand/AC_PrecLand_StateMachine.cpp
Processing file AC_PrecLand/AC_PrecLand.h
Processing file AC_PrecLand/AC_PrecLand.cpp
Processing file AC_Sprayer/AC_Sprayer.h
Processing file AC_Sprayer/AC_Sprayer.cpp
Processing file AC_WPNav/AC_WPNav_OA.cpp
Processing file AC_WPNav/AC_WPNav.cpp
Processing file AC_WPNav/AC_Loiter.cpp
Processing file AC_WPNav/AC_WPNav.h
Processing file AC_WPNav/AC_Circle.h
Processing file AC_WPNav/AC_Circle.cpp
Processing file AC_WPNav/AC_Loiter.h
Processing file APM_Control/AR_AttitudeControl.h
Processing file APM_Control/AP_PitchController.cpp
Processing file APM_Control/AR_PosControl.h
Processing file APM_Control/AP_FW_Controller.h
Processing file APM_Control/AR_PosControl.cpp
Processing file APM_Control/AP_FW_Controller.cpp
Processing file APM_Control/AP_RollController.h
Processing file APM_Control/AP_SteerController.h
Processing file APM_Control/AP_YawController.h
Processing file APM_Control/AP_AutoTune.h
Processing file APM_Control/AP_AutoTune.cpp
Processing file APM_Control/AR_AttitudeControl.cpp
Processing file APM_Control/AP_SteerController.cpp
Processing file APM_Control/AP_YawController.cpp
Processing file APM_Control/AP_RollController.cpp
Processing file AP_ADSB/AP_ADSB_Backend.h
Processing file AP_ADSB/AP_ADSB.cpp
Processing file AP_ADSB/AP_ADSB_Sagetech.cpp
Processing file AP_ADSB/AP_ADSB.h
Processing file AP_ADSB/AP_ADSB_uAvionix_MAVLink.cpp
Processing file AP_ADSB/AP_ADSB_uAvionix_UCP.cpp
Processing file AP_ADSB/AP_ADSB_Backend.cpp
Processing file AP_ADSB/AP_ADSB_Sagetech_MXS.cpp
Processing file AP_ADSB/sagetech-sdk/toHeading.c
Processing file AP_ADSB/sagetech-sdk/toUint16.c
Processing file AP_ADSB/sagetech-sdk/sgDecodeMSR.c
Processing file AP_ADSB/sagetech-sdk/sgEncodeFlightId.c
Processing file AP_ADSB/sagetech-sdk/sgEncodeGPS.c
Processing file AP_ADSB/sagetech-sdk/sgEncodeDataReq.c
Processing file AP_ADSB/sagetech-sdk/sgEncodeTargetReq.c
Processing file AP_ADSB/sagetech-sdk/toAlt.c
Processing file AP_ADSB/sagetech-sdk/icao2Buf.c
Processing file AP_ADSB/sagetech-sdk/sgDecodeAck.c
Processing file AP_ADSB/sagetech-sdk/toVel.c
Processing file AP_ADSB/sagetech-sdk/sgDecodeSVR.c
Processing file AP_ADSB/sagetech-sdk/toIcao.c
Processing file AP_ADSB/sagetech-sdk/charArray2Buf.c
Processing file AP_ADSB/sagetech-sdk/float2Buf.c
Processing file AP_ADSB/sagetech-sdk/toUint32.c
Processing file AP_ADSB/sagetech-sdk/sgDecodeFlightId.c
Processing file AP_ADSB/sagetech-sdk/toGS.c
Processing file AP_ADSB/sagetech-sdk/toLatLon.c
Processing file AP_ADSB/sagetech-sdk/sgDecodeInstall.c
Processing file AP_ADSB/sagetech-sdk/sgEncodeOperating.c
Processing file AP_ADSB/sagetech-sdk/appendChecksum.c
Processing file AP_ADSB/sagetech-sdk/toInt16.c
Processing file AP_ADSB/sagetech-sdk/sgEncodeInstall.c
Processing file AP_ADSB/sagetech-sdk/toInt32.c
Processing file AP_ADSB/sagetech-sdk/uint322Buf.c
Processing file AP_ADSB/sagetech-sdk/toHeading2.c
Processing file AP_ADSB/sagetech-sdk/toTOA.c
Processing file AP_ADSB/sagetech-sdk/uint162Buf.c
Processing file AP_ADSB/sagetech-sdk/calcChecksum.c
Processing file AP_AHRS/AP_AHRS_Backend.h
Processing file AP_AHRS/AP_AHRS_Logging.cpp
Processing file AP_AHRS/AP_AHRS_SIM.cpp
Processing file AP_AHRS/AP_AHRS.cpp
Processing file AP_AHRS/AP_AHRS_SIM.h
Processing file AP_AHRS/AP_AHRS_External.h
Processing file AP_AHRS/AP_AHRS.h
Processing file AP_AHRS/AP_AHRS_External.cpp
Processing file AP_AHRS/AP_AHRS_View.cpp
Processing file AP_AHRS/AP_AHRS_DCM.h
Processing file AP_AHRS/AP_AHRS_View.h
Processing file AP_AHRS/AP_AHRS_Backend.cpp
Processing file AP_AHRS/AP_AHRS_DCM.cpp
Processing file AP_AIS/AP_AIS.cpp
Processing file AP_AccelCal/AP_AccelCal.cpp
Processing file AP_AccelCal/AccelCalibrator.h
Processing file AP_AccelCal/AccelCalibrator.cpp
Processing file AP_AccelCal/AP_AccelCal.h
Processing file AP_AdvancedFailsafe/AP_AdvancedFailsafe.h
Processing file AP_AdvancedFailsafe/AP_AdvancedFailsafe.cpp
Processing file AP_Airspeed/AP_Airspeed_Backend.h
Processing file AP_Airspeed/AP_Airspeed_MS5525.h
Processing file AP_Airspeed/AP_Airspeed_analog.cpp
Processing file AP_Airspeed/AP_Airspeed_MS5525.cpp
Processing file AP_Airspeed/AP_Airspeed.h
Processing file AP_Airspeed/AP_Airspeed_DLVR.cpp
Processing file AP_Airspeed/AP_Airspeed.cpp
Processing file AP_Airspeed/AP_Airspeed_MSP.h
Processing file AP_Airspeed/AP_Airspeed_analog.h
Processing file AP_Airspeed/AP_Airspeed_SITL.cpp
Processing file AP_Airspeed/AP_Airspeed_SDP3X.cpp
Processing file AP_Airspeed/AP_Airspeed_Params.cpp
Processing file AP_Airspeed/AP_Airspeed_SDP3X.h
Processing file AP_Airspeed/AP_Airspeed_DLVR.h
Processing file AP_Airspeed/Airspeed_Calibration.cpp
Processing file AP_Airspeed/AP_Airspeed_ASP5033.cpp
Processing file AP_Airspeed/AP_Airspeed_Backend.cpp
Processing file AP_Airspeed/AP_Airspeed_MS4525.cpp
Processing file AP_Airspeed/AP_Airspeed_DroneCAN.cpp
Processing file AP_Airspeed/AP_Airspeed_MSP.cpp
Processing file AP_Airspeed/AP_Airspeed_MS4525.h
Processing file AP_Airspeed/AP_Airspeed_AUAV.h
Processing file AP_Airspeed/AP_Airspeed_NMEA.h
Processing file AP_Airspeed/AP_Airspeed_External.cpp
Processing file AP_Airspeed/AP_Airspeed_Health.cpp
Processing file AP_Airspeed/AP_Airspeed_SITL.h
Processing file AP_Airspeed/AP_Airspeed_NMEA.cpp
Processing file AP_Airspeed/AP_Airspeed_AUAV.cpp
Processing file AP_Airspeed/AP_Airspeed_External.h
Processing file AP_Airspeed/AP_Airspeed_ASP5033.h
Processing file AP_Arming/AP_Arming.cpp
Processing file AP_Arming/AP_Arming.h
Processing file AP_Avoidance/AP_Avoidance.h
Processing file AP_Avoidance/AP_Avoidance.cpp
Processing file AP_Baro/AP_Baro_BMP085.cpp
Processing file AP_Baro/AP_Baro_BMP280.cpp
Processing file AP_Baro/AP_Baro_HIL.cpp
Processing file AP_Baro/AP_Baro_LPS2XH.h
Processing file AP_Baro/AP_Baro_DPS280.cpp
Processing file AP_Baro/AP_Baro_BMP581.cpp
Processing file AP_Baro/AP_Baro_MS5611.h
Processing file AP_Baro/AP_Baro_MS5611.cpp
Processing file AP_Baro/AP_Baro_LPS2XH.cpp
Processing file AP_Baro/AP_Baro_Backend.h
Processing file AP_Baro/AP_Baro_Backend.cpp
Processing file AP_Baro/AP_Baro_SPL06.cpp
Processing file AP_Baro/AP_Baro_DPS280.h
Processing file AP_Baro/AP_Baro_KellerLD.cpp
Processing file AP_Baro/AP_Baro_AUAV.cpp
Processing file AP_Baro/AP_Baro_BMP388.cpp
Processing file AP_Baro/AP_Baro_SITL.h
Processing file AP_Baro/AP_Baro.h
Processing file AP_Baro/AP_Baro_DroneCAN.cpp
Processing file AP_Baro/AP_Baro.cpp
Processing file AP_Baro/AP_Baro_Wind.cpp
Processing file AP_Baro/AP_Baro_ExternalAHRS.cpp
Processing file AP_Baro/AP_Baro_atmosphere.cpp
Processing file AP_Baro/AP_Baro_Logging.cpp
Processing file AP_Baro/AP_Baro_SITL.cpp
Processing file AP_Baro/AP_Baro_MSP.cpp
Processing file AP_Baro/AP_Baro_FBM320.cpp
Processing file AP_BattMonitor/AP_BattMonitor_Scripting.cpp
Processing file AP_BattMonitor/AP_BattMonitor_SMBus.cpp
Processing file AP_BattMonitor/AP_BattMonitor_Backend.h
Processing file AP_BattMonitor/AP_BattMonitor_SMBus_Maxell.h
Processing file AP_BattMonitor/AP_BattMonitor_Params.cpp
Processing file AP_BattMonitor/AP_BattMonitor_AD7091R5.cpp
Processing file AP_BattMonitor/AP_BattMonitor_ESC.cpp
Processing file AP_BattMonitor/AP_BattMonitor_Generator.cpp
Processing file AP_BattMonitor/AP_BattMonitor_DroneCAN.cpp
Processing file AP_BattMonitor/AP_BattMonitor_Generator.h
Processing file AP_BattMonitor/AP_BattMonitor_AD7091R5.h
Processing file AP_BattMonitor/AP_BattMonitor_FuelLevel_Analog.cpp
Processing file AP_BattMonitor/AP_BattMonitor_FuelLevel_PWM.cpp
Processing file AP_BattMonitor/AP_BattMonitor_SMBus_SUI.cpp
Processing file AP_BattMonitor/AP_BattMonitor.cpp
Processing file AP_BattMonitor/AP_BattMonitor_Backend.cpp
Processing file AP_BattMonitor/AP_BattMonitor.h
Processing file AP_BattMonitor/AP_BattMonitor_INA3221.h
Processing file AP_BattMonitor/AP_BattMonitor_EFI.cpp
Processing file AP_BattMonitor/AP_BattMonitor_Synthetic_Current.cpp
Processing file AP_BattMonitor/AP_BattMonitor_Analog.cpp
Processing file AP_BattMonitor/AP_BattMonitor_INA3221.cpp
Processing file AP_BattMonitor/AP_BattMonitor_FuelFlow.h
Processing file AP_BattMonitor/AP_BattMonitor_Torqeedo.cpp
Processing file AP_BattMonitor/AP_BattMonitor_SMBus.h
Processing file AP_BattMonitor/AP_BattMonitor_FuelLevel_Analog.h
Processing file AP_BattMonitor/AP_BattMonitor_Synthetic_Current.h
Processing file AP_BattMonitor/AP_BattMonitor_Analog.h
Processing file AP_BattMonitor/AP_BattMonitor_Sum.h
Processing file AP_BattMonitor/AP_BattMonitor_DroneCAN.h
Processing file AP_BattMonitor/AP_BattMonitor_Logging.cpp
Processing file AP_BattMonitor/AP_BattMonitor_Params.h
Processing file AP_BattMonitor/AP_BattMonitor_Torqeedo.h
Processing file AP_BattMonitor/AP_BattMonitor_Scripting.h
Processing file AP_BattMonitor/AP_BattMonitor_FuelLevel_PWM.h
Processing file AP_BattMonitor/AP_BattMonitor_EFI.h
Processing file AP_BattMonitor/AP_BattMonitor_ESC.h
Processing file AP_BattMonitor/AP_BattMonitor_FuelFlow.cpp
Processing file AP_BattMonitor/AP_BattMonitor_INA2xx.cpp
Processing file AP_BattMonitor/AP_BattMonitor_SMBus_Rotoye.cpp
Processing file AP_BattMonitor/AP_BattMonitor_SMBus_Generic.cpp
Processing file AP_BattMonitor/AP_BattMonitor_SMBus_NeoDesign.cpp
Processing file AP_BattMonitor/AP_BattMonitor_INA2xx.h
Processing file AP_BattMonitor/AP_BattMonitor_Sum.cpp
Processing file AP_Beacon/AP_Beacon_Marvelmind.cpp
Processing file AP_Beacon/AP_Beacon.h
Processing file AP_Beacon/AP_Beacon_SITL.cpp
Processing file AP_Beacon/AP_Beacon_Backend.cpp
Processing file AP_Beacon/AP_Beacon_Nooploop.cpp
Processing file AP_Beacon/AP_Beacon.cpp
Processing file AP_Beacon/AP_Beacon_Pozyx.cpp
Processing file AP_Beacon/AP_Beacon_Backend.h
Processing file AP_BoardConfig/AP_BoardConfig.cpp
Processing file AP_BoardConfig/AP_BoardConfig.h
Processing file AP_BoardConfig/board_drivers.cpp
Processing file AP_Button/AP_Button.h
Processing file AP_Button/AP_Button.cpp
Processing file AP_CANManager/AP_CANSensor.h
Processing file AP_CANManager/AP_MAVLinkCAN.h
Processing file AP_CANManager/AP_CANManager.h
Processing file AP_CANManager/AP_CANManager.cpp
Processing file AP_CANManager/AP_CANDriver.h
Processing file AP_CANManager/AP_CANSensor.cpp
Processing file AP_CANManager/AP_MAVLinkCAN.cpp
Processing file AP_CSVReader/AP_CSVReader.cpp
Processing file AP_CSVReader/AP_CSVReader.h
Processing file AP_Camera/AP_Camera_Relay.cpp
Processing file AP_Camera/AP_Camera_Backend.h
Processing file AP_Camera/AP_Camera_MAVLinkCamV2.cpp
Processing file AP_Camera/AP_Camera_Params.cpp
Processing file AP_Camera/AP_Camera.cpp
Processing file AP_Camera/AP_Camera_Mount.cpp
Processing file AP_Camera/AP_Camera.h
Processing file AP_Camera/AP_Camera_Logging.cpp
Processing file AP_Camera/AP_RunCam.cpp
Processing file AP_Camera/AP_Camera_SoloGimbal.cpp
Processing file AP_Camera/AP_Camera_MAVLink.cpp
Processing file AP_Camera/AP_Camera_Backend.cpp
Processing file AP_Camera/AP_RunCam.h
Processing file AP_Camera/AP_Camera_Servo.cpp
Processing file AP_Camera/AP_Camera_Scripting.cpp
Processing file AP_CheckFirmware/AP_CheckFirmware.cpp
Processing file AP_Common/Bitmask.h
Processing file AP_Common/Location.h
Processing file AP_Common/AP_ExpandingArray.h
Processing file AP_Common/float16.cpp
Processing file AP_Common/TSIndex.h
Processing file AP_Common/ExpandingString.cpp
Processing file AP_Common/AP_Common.h
Processing file AP_Common/AP_Common.cpp
Processing file AP_Common/NMEA.cpp
Processing file AP_Common/time.cpp
Processing file AP_Common/c++.cpp
Processing file AP_Common/AP_FWVersion.h
Processing file AP_Common/sorting.cpp
Processing file AP_Common/AP_FWVersion.cpp
Processing file AP_Common/ExpandingString.h
Processing file AP_Common/Location.cpp
Processing file AP_Common/AP_ExpandingArray.cpp
Processing file AP_Common/missing/byteswap.h
Processing file AP_Compass/AP_Compass_HMC5843.h
Processing file AP_Compass/AP_Compass_Backend.cpp
Processing file AP_Compass/CompassCalibrator.h
Processing file AP_Compass/AP_Compass_BMM350.cpp
Processing file AP_Compass/AP_Compass_MMC3416.cpp
Processing file AP_Compass/AP_Compass.cpp
Processing file AP_Compass/AP_Compass_Calibration.cpp
Processing file AP_Compass/AP_Compass_AK09916.h
Processing file AP_Compass/AP_Compass_LIS3MDL.cpp
Processing file AP_Compass/AP_Compass_ExternalAHRS.cpp
Processing file AP_Compass/AP_Compass_MSP.cpp
Processing file AP_Compass/AP_Compass_IST8308.cpp
Processing file AP_Compass/AP_Compass_SITL.cpp
Processing file AP_Compass/Compass_PerMotor.h
Processing file AP_Compass/AP_Compass_IST8310.cpp
Processing file AP_Compass/AP_Compass_QMC5883P.cpp
Processing file AP_Compass/AP_Compass.h
Processing file AP_Compass/AP_Compass_RM3100.cpp
Processing file AP_Compass/AP_Compass_DroneCAN.h
Processing file AP_Compass/AP_Compass_DroneCAN.cpp
Processing file AP_Compass/AP_Compass_Backend.h
Processing file AP_Compass/AP_Compass_AK09916.cpp
Processing file AP_Compass/CompassCalibrator.cpp
Processing file AP_Compass/Compass_PerMotor.cpp
Processing file AP_Compass/AP_Compass_HMC5843.cpp
Processing file AP_Compass/Compass_learn.cpp
Processing file AP_Compass/AP_Compass_BMM150.cpp
Processing file AP_Compass/AP_Compass_QMC5883L.cpp
Processing file AP_CustomRotations/AP_CustomRotations.h
Processing file AP_CustomRotations/AP_CustomRotations.cpp
Processing file AP_CustomRotations/AP_CustomRotations_params.cpp
Processing file AP_DAL/AP_DAL_GPS.cpp
Processing file AP_DAL/AP_DAL_InertialSensor.cpp
Processing file AP_DAL/AP_DAL.cpp
Processing file AP_DAL/AP_DAL_Airspeed.h
Processing file AP_DAL/AP_DAL_Compass.h
Processing file AP_DAL/AP_DAL.h
Processing file AP_DAL/AP_DAL_Baro.h
Processing file AP_DAL/AP_DAL_InertialSensor.h
Processing file AP_DAL/AP_DAL_Beacon.h
Processing file AP_DAL/AP_DAL_VisualOdom.h
Processing file AP_DAL/AP_DAL_Compass.cpp
Processing file AP_DAL/AP_DAL_Airspeed.cpp
Processing file AP_DAL/AP_DAL_Beacon.cpp
Processing file AP_DAL/AP_DAL_VisualOdom.cpp
Processing file AP_DAL/AP_DAL_GPS.h
Processing file AP_DAL/AP_DAL_Baro.cpp
Processing file AP_DAL/AP_DAL_RangeFinder.cpp
Processing file AP_Declination/AP_Declination.cpp
Processing file AP_DroneCAN/AP_DroneCAN_DNA_Server.cpp
Processing file AP_DroneCAN/AP_DroneCAN.h
Processing file AP_DroneCAN/AP_DroneCAN_serial.h
Processing file AP_DroneCAN/AP_Canard_iface.cpp
Processing file AP_DroneCAN/AP_Canard_iface.h
Processing file AP_DroneCAN/AP_DroneCAN_DNA_Server.h
Processing file AP_DroneCAN/AP_DroneCAN.cpp
Processing file AP_DroneCAN/AP_DroneCAN_serial.cpp
Processing file AP_EFI/AP_EFI_MAV.cpp
Processing file AP_EFI/AP_EFI_Backend.h
Processing file AP_EFI/AP_EFI_Currawong_ECU.cpp
Processing file AP_EFI/AP_EFI_Scripting.cpp
Processing file AP_EFI/AP_EFI_DroneCAN.cpp
Processing file AP_EFI/AP_EFI_NWPMU.cpp
Processing file AP_EFI/AP_EFI_Currawong_ECU.h
Processing file AP_EFI/AP_EFI_Serial_Hirth.cpp
Processing file AP_EFI/AP_EFI_Serial_Lutan.cpp
Processing file AP_EFI/AP_EFI_Serial_MS.cpp
Processing file AP_EFI/AP_EFI_Loweheiser.cpp
Processing file AP_EFI/AP_EFI.cpp
Processing file AP_EFI/AP_EFI_ThrottleLinearisation.cpp
Processing file AP_EFI/AP_EFI.h
Processing file AP_EFI/AP_EFI_Backend.cpp
Processing file AP_ESC_Telem/AP_ESC_Telem_Backend.cpp
Processing file AP_ESC_Telem/AP_ESC_Telem.h
Processing file AP_ESC_Telem/AP_ESC_Telem.cpp
Processing file AP_ESC_Telem/AP_ESC_Telem_SITL.cpp
Processing file AP_ExternalAHRS/AP_ExternalAHRS_InertialLabs.cpp
Processing file AP_ExternalAHRS/AP_ExternalAHRS_SBG.h
Processing file AP_ExternalAHRS/MicroStrain_common.cpp
Processing file AP_ExternalAHRS/AP_ExternalAHRS_MicroStrain5.cpp
Processing file AP_ExternalAHRS/AP_ExternalAHRS_MicroStrain5.h
Processing file AP_ExternalAHRS/AP_ExternalAHRS_SBG.cpp
Processing file AP_ExternalAHRS/AP_ExternalAHRS_MicroStrain7.h
Processing file AP_ExternalAHRS/AP_ExternalAHRS_backend.h
Processing file AP_ExternalAHRS/AP_ExternalAHRS_MicroStrain7.cpp
Processing file AP_ExternalAHRS/AP_ExternalAHRS_InertialLabs.h
Processing file AP_ExternalAHRS/AP_ExternalAHRS_SBG_structs.h
Processing file AP_ExternalAHRS/AP_ExternalAHRS.h
Processing file AP_ExternalAHRS/MicroStrain_common.h
Processing file AP_ExternalAHRS/AP_ExternalAHRS_VectorNav.h
Processing file AP_ExternalAHRS/AP_ExternalAHRS_backend.cpp
Processing file AP_ExternalAHRS/AP_ExternalAHRS_VectorNav.cpp
Processing file AP_ExternalAHRS/AP_ExternalAHRS.cpp
Processing file AP_ExternalControl/AP_ExternalControl.h
Processing file AP_ExternalControl/AP_ExternalControl.cpp
Processing file AP_FETtecOneWire/AP_FETtecOneWire.cpp
Processing file AP_FETtecOneWire/AP_FETtecOneWire.h
Processing file AP_Filesystem/AP_Filesystem.cpp
Processing file AP_Filesystem/posix_compat.cpp
Processing file AP_Filesystem/AP_Filesystem_ROMFS.cpp
Processing file AP_Filesystem/AP_Filesystem_Sys.cpp
Processing file AP_Filesystem/AP_Filesystem_Param.cpp
Processing file AP_Filesystem/AP_Filesystem_backend.h
Processing file AP_Filesystem/AP_Filesystem.h
Processing file AP_Filesystem/AP_Filesystem_posix.cpp
Processing file AP_Filesystem/AP_Filesystem_Mission.cpp
Processing file AP_Filesystem/AP_Filesystem_backend.cpp
Processing file AP_FlashStorage/AP_FlashStorage.cpp
Processing file AP_Follow/AP_Follow.cpp
Processing file AP_Follow/AP_Follow.h
Processing file AP_Frsky_Telem/AP_Frsky_MAVlite_Message.h
Processing file AP_Frsky_Telem/AP_Frsky_Backend.h
Processing file AP_Frsky_Telem/AP_Frsky_D.cpp
Processing file AP_Frsky_Telem/AP_Frsky_SPort.h
Processing file AP_Frsky_Telem/AP_Frsky_MAVlite_MAVliteToSPort.cpp
Processing file AP_Frsky_Telem/AP_Frsky_Telem.h
Processing file AP_Frsky_Telem/AP_Frsky_SPort_Passthrough.h
Processing file AP_Frsky_Telem/AP_Frsky_SPort_Passthrough.cpp
Processing file AP_Frsky_Telem/AP_Frsky_MAVlite_Message.cpp
Processing file AP_Frsky_Telem/AP_Frsky_SPort.cpp
Processing file AP_Frsky_Telem/AP_Frsky_MAVliteMsgHandler.h
Processing file AP_Frsky_Telem/AP_Frsky_MAVliteMsgHandler.cpp
Processing file AP_Frsky_Telem/AP_Frsky_Backend.cpp
Processing file AP_Frsky_Telem/AP_Frsky_D.h
Processing file AP_Frsky_Telem/AP_Frsky_MAVlite_SPortToMAVlite.cpp
Processing file AP_Frsky_Telem/AP_Frsky_Telem.cpp
Processing file AP_Frsky_Telem/AP_Frsky_Parameters.cpp
Processing file AP_GPS/AP_GPS_MAV.h
Processing file AP_GPS/AP_GPS.cpp
Processing file AP_GPS/AP_GPS_MAV.cpp
Processing file AP_GPS/MovingBase.cpp
Processing file AP_GPS/GPS_Backend.h
Processing file AP_GPS/AP_GPS_SBP2.h
Processing file AP_GPS/AP_GPS_SBF.cpp
Processing file AP_GPS/AP_GPS_SBF.h
Processing file AP_GPS/AP_GPS_DroneCAN.h
Processing file AP_GPS/AP_GPS.h
Processing file AP_GPS/AP_GPS_SITL.h
Processing file AP_GPS/AP_GPS_Blended.cpp
Processing file AP_GPS/AP_GPS_GSOF.h
Processing file AP_GPS/AP_GPS_SBP2.cpp
Processing file AP_GPS/AP_GPS_ExternalAHRS.h
Processing file AP_GPS/AP_GPS_ERB.h
Processing file AP_GPS/AP_GPS_UBLOX.cpp
Processing file AP_GPS/AP_GPS_SIRF.h
Processing file AP_GPS/AP_GPS_GSOF.cpp
Processing file AP_GPS/AP_GPS_NMEA.cpp
Processing file AP_GPS/AP_GPS_Blended.h
Processing file AP_GPS/RTCM3_Parser.cpp
Processing file AP_GPS/AP_GPS_SBP.h
Processing file AP_GPS/AP_GPS_DroneCAN.cpp
Processing file AP_GPS/AP_GPS_SITL.cpp
Processing file AP_GPS/AP_GPS_ERB.cpp
Processing file AP_GPS/AP_GPS_MSP.h
Processing file AP_GPS/AP_GPS_ExternalAHRS.cpp
Processing file AP_GPS/AP_GPS_NOVA.h
Processing file AP_GPS/AP_GPS_Params.cpp
Processing file AP_GPS/GPS_Backend.cpp
Processing file AP_GPS/AP_GPS_SBP.cpp
Processing file AP_GPS/AP_GPS_NMEA.h
Processing file AP_GPS/AP_GPS_MSP.cpp
Processing file AP_GPS/AP_GPS_NOVA.cpp
Processing file AP_GPS/AP_GPS_UBLOX.h
Processing file AP_GPS/AP_GPS_SIRF.cpp
Processing file AP_GSOF/AP_GSOF.cpp
Processing file AP_Generator/AP_Generator_IE_FuelCell.cpp
Processing file AP_Generator/AP_Generator_Loweheiser.cpp
Processing file AP_Generator/AP_Generator_IE_FuelCell.h
Processing file AP_Generator/AP_Generator_RichenPower.cpp
Processing file AP_Generator/AP_Generator.cpp
Processing file AP_Generator/AP_Generator_Backend.h
Processing file AP_Generator/AP_Generator.h
Processing file AP_Generator/AP_Generator_IE_2400.cpp
Processing file AP_Generator/AP_Generator_Backend.cpp
Processing file AP_Generator/AP_Generator_Loweheiser.h
Processing file AP_Generator/AP_Generator_IE_650_800.cpp
Processing file AP_Gripper/AP_Gripper_Servo.cpp
Processing file AP_Gripper/AP_Gripper_Backend.cpp
Processing file AP_Gripper/AP_Gripper_Backend.h
Processing file AP_Gripper/AP_Gripper_Servo.h
Processing file AP_Gripper/AP_Gripper_EPM.h
Processing file AP_Gripper/AP_Gripper_EPM.cpp
Processing file AP_Gripper/AP_Gripper.h
Processing file AP_Gripper/AP_Gripper.cpp
Processing file AP_GyroFFT/AP_GyroFFT.cpp
Processing file AP_GyroFFT/AP_GyroFFT.h
Processing file AP_HAL/SPIDevice.h
Processing file AP_HAL/Semaphores.cpp
Processing file AP_HAL/I2CDevice.h
Processing file AP_HAL/Semaphores.h
Processing file AP_HAL/GPIO.cpp
Processing file AP_HAL/Util.h
Processing file AP_HAL/DSP.h
Processing file AP_HAL/Storage.h
Processing file AP_HAL/Device.cpp
Processing file AP_HAL/DSP.cpp
Processing file AP_HAL/Scheduler.h
Processing file AP_HAL/SIMState.cpp
Processing file AP_HAL/UARTDriver.h
Processing file AP_HAL/system.h
Processing file AP_HAL/Util.cpp
Processing file AP_HAL/UARTDriver.cpp
Processing file AP_HAL/RCOutput.h
Processing file AP_HAL/RCOutput.cpp
Processing file AP_HAL/system.cpp
Processing file AP_HAL/GPIO.h
Processing file AP_HAL/CANIface.h
Processing file AP_HAL/Storage.cpp
Processing file AP_HAL/HAL.h
Processing file AP_HAL/Device.h
Processing file AP_HAL/WSPIDevice.h
Processing file AP_HAL/CANIface.cpp
Processing file AP_HAL/RCInput.h
Processing file AP_HAL/Scheduler.cpp
Processing file AP_HAL/AnalogIn.h
Processing file AP_HAL/utility/Socket.hpp
Processing file AP_HAL/utility/DataRateLimit.cpp
Processing file AP_HAL/utility/Socket.cpp
Processing file AP_HAL/utility/OwnPtr.h
Processing file AP_HAL/utility/functor.h
Processing file AP_HAL/utility/RingBuffer.h
Processing file AP_HAL/utility/BetterStream.cpp
Processing file AP_HAL/utility/print_vprintf.cpp
Processing file AP_HAL/utility/dsm.cpp
Processing file AP_HAL/utility/packetise.cpp
Processing file AP_HAL/utility/ftoa_engine.cpp
Processing file AP_HAL/utility/RingBuffer.cpp
Processing file AP_HAL/utility/utoa_invert.cpp
Processing file AP_HAL/utility/sparse-endian.h
Processing file AP_HAL/utility/getopt_cpp.cpp
Processing file AP_HAL/utility/replace.cpp
Processing file AP_HAL_Empty/RCOutput.cpp
Processing file AP_HAL_Empty/AnalogIn.cpp
Processing file AP_HAL_Empty/AnalogIn.h
Processing file AP_HAL_Empty/GPIO.cpp
Processing file AP_HAL_Empty/Flash.h
Processing file AP_HAL_Empty/RCOutput.h
Processing file AP_HAL_Empty/OpticalFlow.h
Processing file AP_HAL_Linux/Heat.h
Processing file AP_HAL_Linux/I2CDevice.h
Processing file AP_HAL_Linux/Storage.cpp
Processing file AP_HAL_Linux/RCInput.cpp
Processing file AP_HAL_Linux/SPIDevice.h
Processing file AP_HAL_Linux/Thread.cpp
Processing file AP_HAL_Linux/UARTDevice.cpp
Processing file AP_HAL_Linux/PollerThread.cpp
Processing file AP_HAL_Linux/SPIDevice.cpp
Processing file AP_HAL_Linux/Semaphores.cpp
Processing file AP_HAL_Linux/UARTDevice.h
Processing file AP_HAL_Linux/ToneAlarm.cpp
Processing file AP_HAL_Linux/RCInput.h
Processing file AP_HAL_Linux/UARTDriver.h
Processing file AP_HAL_Linux/Thread.h
Processing file AP_HAL_Linux/CANSocketIface.cpp
Processing file AP_HAL_Linux/CANSocketIface.h
Processing file AP_HAL_Linux/ConsoleDevice.cpp
Processing file AP_HAL_Linux/HAL_Linux_Class.cpp
Processing file AP_HAL_Linux/Scheduler.h
Processing file AP_HAL_Linux/TCPServerDevice.cpp
Processing file AP_HAL_Linux/system.cpp
Processing file AP_HAL_Linux/UDPDevice.cpp
Processing file AP_HAL_Linux/UARTDriver.cpp
Processing file AP_HAL_Linux/PollerThread.h
Processing file AP_HAL_Linux/Storage.h
Processing file AP_HAL_Linux/Scheduler.cpp
Processing file AP_HAL_Linux/I2CDevice.cpp
Processing file AP_HAL_Linux/Poller.h
Processing file AP_HAL_Linux/Util.h
Processing file AP_HAL_Linux/Util.cpp
Processing file AP_HAL_Linux/SerialDevice.h
Processing file AP_HAL_Linux/Poller.cpp
Processing file AP_HAL_SITL/CAN_Multicast.cpp
Processing file AP_HAL_SITL/SITL_State.h
Processing file AP_HAL_SITL/CAN_Multicast.h
Processing file AP_HAL_SITL/SITL_State.cpp
Processing file AP_HAL_SITL/SPIDevice.cpp
Processing file AP_HAL_SITL/DSP.cpp
Processing file AP_HAL_SITL/UARTDriver.h
Processing file AP_HAL_SITL/Storage.cpp
Processing file AP_HAL_SITL/UARTDriver.cpp
Processing file AP_HAL_SITL/Util.h
Processing file AP_HAL_SITL/I2CDevice.h
Processing file AP_HAL_SITL/CAN_Transport.h
Processing file AP_HAL_SITL/GPIO.h
Processing file AP_HAL_SITL/I2CDevice.cpp
Processing file AP_HAL_SITL/GPIO.cpp
Processing file AP_HAL_SITL/RCOutput.cpp
Processing file AP_HAL_SITL/SITL_cmdline.cpp
Processing file AP_HAL_SITL/CANSocketIface.h
Processing file AP_HAL_SITL/UART_utils.cpp
Processing file AP_HAL_SITL/SPIDevice.h
Processing file AP_HAL_SITL/Scheduler.cpp
Processing file AP_HAL_SITL/SITL_State_common.cpp
Processing file AP_HAL_SITL/CANSocketIface.cpp
Processing file AP_HAL_SITL/system.cpp
Processing file AP_HAL_SITL/HAL_SITL_Class.cpp
Processing file AP_HAL_SITL/Storage.h
Processing file AP_HAL_SITL/CAN_SocketCAN.cpp
Processing file AP_HAL_SITL/sitl_rangefinder.cpp
Processing file AP_HAL_SITL/Util.cpp
Processing file AP_HAL_SITL/Semaphores.cpp
Processing file AP_HAL_SITL/Scheduler.h
Processing file AP_HAL_SITL/RCInput.cpp
Processing file AP_HAL_SITL/RCOutput.h
Processing file AP_HAL_SITL/HAL_SITL_Class.h
Processing file AP_HAL_SITL/RCInput.h
Processing file AP_HAL_SITL/AnalogIn.cpp
Processing file AP_HAL_SITL/CAN_SocketCAN.h
Processing file AP_HAL_SITL/AnalogIn.h
Processing file AP_HAL_SITL/sitl_airspeed.cpp
Processing file AP_Hott_Telem/AP_Hott_Telem.cpp
Processing file AP_Hott_Telem/AP_Hott_Telem.h
Processing file AP_IBus_Telem/AP_IBus_Telem.h
Processing file AP_IBus_Telem/AP_IBus_Telem.cpp
Processing file AP_ICEngine/AP_ICEngine.cpp
Processing file AP_ICEngine/AP_ICEngine.h
Processing file AP_ICEngine/AP_ICEngine_TCA9554.cpp
Processing file AP_IRLock/AP_IRLock.cpp
Processing file AP_IRLock/AP_IRLock.h
Processing file AP_IRLock/AP_IRLock_SITL_Gazebo.cpp
Processing file AP_IRLock/AP_IRLock_SITL.cpp
Processing file AP_InertialNav/AP_InertialNav.h
Processing file AP_InertialNav/AP_InertialNav.cpp
Processing file AP_InertialSensor/BatchSampler.cpp
Processing file AP_InertialSensor/FastRateBuffer.cpp
Processing file AP_InertialSensor/AP_InertialSensor.cpp
Processing file AP_InertialSensor/AP_InertialSensor_Backend.h
Processing file AP_InertialSensor/AuxiliaryBus.h
Processing file AP_InertialSensor/AP_InertialSensor_Backend.cpp
Processing file AP_InertialSensor/AP_InertialSensor_Logging.cpp
Processing file AP_InertialSensor/AP_InertialSensor_ExternalAHRS.cpp
Processing file AP_InertialSensor/AP_InertialSensor_tempcal.cpp
Processing file AP_InertialSensor/AP_InertialSensor_SITL.cpp
Processing file AP_InertialSensor/AP_InertialSensor_tempcal.h
Processing file AP_InertialSensor/AP_InertialSensor.h
Processing file AP_InertialSensor/AuxiliaryBus.cpp
Processing file AP_InertialSensor/FastRateBuffer.h
Processing file AP_InternalError/AP_InternalError.cpp
Processing file AP_InternalError/AP_InternalError.h
Processing file AP_JSButton/AP_JSButton.cpp
Processing file AP_JSON/AP_JSON.cpp
Processing file AP_KDECAN/AP_KDECAN.h
Processing file AP_KDECAN/AP_KDECAN.cpp
Processing file AP_L1_Control/AP_L1_Control.cpp
Processing file AP_L1_Control/AP_L1_Control.h
Processing file AP_LTM_Telem/AP_LTM_Telem.h
Processing file AP_LTM_Telem/AP_LTM_Telem.cpp
Processing file AP_Landing/AP_Landing.h
Processing file AP_Landing/AP_Landing.cpp
Processing file AP_Landing/AP_Landing_Slope.cpp
Processing file AP_Landing/AP_Landing_Deepstall.h
Processing file AP_Landing/AP_Landing_Deepstall.cpp
Processing file AP_LandingGear/AP_LandingGear.cpp
Processing file AP_LandingGear/AP_LandingGear.h
Processing file AP_LeakDetector/AP_LeakDetector_Analog.cpp
Processing file AP_LeakDetector/AP_LeakDetector_Backend.cpp
Processing file AP_LeakDetector/AP_LeakDetector.cpp
Processing file AP_LeakDetector/AP_LeakDetector.h
Processing file AP_LeakDetector/AP_LeakDetector_Digital.cpp
Processing file AP_Logger/AP_Logger.h
Processing file AP_Logger/AP_Logger_MAVLinkLogTransfer.cpp
Processing file AP_Logger/AP_Logger_Block.h
Processing file AP_Logger/AP_Logger_Backend.h
Processing file AP_Logger/LogFile.cpp
Processing file AP_Logger/AP_Logger_Flash_JEDEC.cpp
Processing file AP_Logger/AP_Logger_Block.cpp
Processing file AP_Logger/LoggerMessageWriter.cpp
Processing file AP_Logger/AP_Logger_MAVLink.h
Processing file AP_Logger/AP_Logger.cpp
Processing file AP_Logger/LoggerMessageWriter.h
Processing file AP_Logger/AP_Logger_File.h
Processing file AP_Logger/AP_Logger_Backend.cpp
Processing file AP_Logger/AP_Logger_MAVLink.cpp
Processing file AP_Logger/AP_Logger_Flash_JEDEC.h
Processing file AP_Logger/AP_Logger_File.cpp
Processing file AP_MSP/AP_MSP_Telem_DisplayPort.cpp
Processing file AP_MSP/msp_sbuf.cpp
Processing file AP_MSP/AP_MSP.cpp
Processing file AP_MSP/msp.cpp
Processing file AP_MSP/AP_MSP_Telem_Backend.cpp
Processing file AP_MSP/AP_MSP_Telem_DisplayPort.h
Processing file AP_MSP/AP_MSP.h
Processing file AP_MSP/AP_MSP_Telem_DJI.cpp
Processing file AP_MSP/AP_MSP_Telem_DJI.h
Processing file AP_MSP/AP_MSP_Telem_Generic.h
Processing file AP_MSP/AP_MSP_Telem_Backend.h
Processing file AP_Math/chirp.h
Processing file AP_Math/location.h
Processing file AP_Math/spline5.cpp
Processing file AP_Math/vectorN.h
Processing file AP_Math/matrix3.h
Processing file AP_Math/SplineCurve.h
Processing file AP_Math/quaternion.cpp
Processing file AP_Math/matrixN.cpp
Processing file AP_Math/AP_Math.h
Processing file AP_Math/matrix3.cpp
Processing file AP_Math/div1000.h
Processing file AP_Math/vector2.cpp
Processing file AP_Math/location.cpp
Processing file AP_Math/polygon.cpp
Processing file AP_Math/matrix_alg.cpp
Processing file AP_Math/ftype.h
Processing file AP_Math/vector3.cpp
Processing file AP_Math/AP_GeodesicGrid.cpp
Processing file AP_Math/SplineCurve.cpp
Processing file AP_Math/SCurve.cpp
Processing file AP_Math/AP_Math.cpp
Processing file AP_Math/quaternion.h
Processing file AP_Math/SCurve.h
Processing file AP_Math/crc.cpp
Processing file AP_Math/vector2.h
Processing file AP_Math/vector3.h
Processing file AP_Math/polyfit.cpp
Processing file AP_Math/control.cpp
Processing file AP_Math/matrixN.h
Processing file AP_Math/chirp.cpp
Processing file AP_Mission/AP_Mission_ChangeDetector.cpp
Processing file AP_Mission/AP_Mission_Commands.cpp
Processing file AP_Mission/AP_Mission.h
Processing file AP_Mission/AP_Mission.cpp
Processing file AP_Module/AP_Module.cpp
Processing file AP_Motors/AP_MotorsTri.cpp
Processing file AP_Motors/AP_MotorsTri.h
Processing file AP_Motors/AP_MotorsHeli_Swash.h
Processing file AP_Motors/AP_MotorsHeli_Single.cpp
Processing file AP_Motors/AP_MotorsHeli_Swash.cpp
Processing file AP_Motors/AP_MotorsHeli_Single.h
Processing file AP_Motors/AP_MotorsMulticopter.cpp
Processing file AP_Motors/AP_MotorsHeli_RSC.cpp
Processing file AP_Motors/AP_MotorsTailsitter.cpp
Processing file AP_Motors/AP_Motors6DOF.h
Processing file AP_Motors/AP_MotorsHeli_RSC.h
Processing file AP_Motors/AP_Motors_Thrust_Linearization.h
Processing file AP_Motors/AP_MotorsMatrix.h
Processing file AP_Motors/AP_MotorsMulticopter.h
Processing file AP_Motors/AP_MotorsMatrix_6DoF_Scripting.h
Processing file AP_Motors/AP_MotorsHeli.cpp
Processing file AP_Motors/AP_Motors_Class.h
Processing file AP_Motors/AP_MotorsMatrix_Scripting_Dynamic.h
Processing file AP_Motors/AP_MotorsMatrix.cpp
Processing file AP_Motors/AP_MotorsHeli_Quad.h
Processing file AP_Motors/AP_Motors_Class.cpp
Processing file AP_Motors/AP_MotorsTailsitter.h
Processing file AP_Motors/AP_Motors6DOF.cpp
Processing file AP_Motors/AP_MotorsHeli_Quad.cpp
Processing file AP_Motors/AP_MotorsMatrix_6DoF_Scripting.cpp
Processing file AP_Motors/AP_Motors_Thrust_Linearization.cpp
Processing file AP_Motors/AP_MotorsHeli_Dual.h
Processing file AP_Motors/AP_MotorsHeli.h
Processing file AP_Motors/AP_MotorsHeli_Dual.cpp
Processing file AP_Motors/AP_MotorsMatrix_Scripting_Dynamic.cpp
Processing file AP_Mount/AP_Mount_Backend.h
Processing file AP_Mount/AP_Mount_Topotek.h
Processing file AP_Mount/AP_Mount_CADDX.cpp
Processing file AP_Mount/AP_Mount_Params.cpp
Processing file AP_Mount/AP_Mount_Backend.cpp
Processing file AP_Mount/SoloGimbalEKF.cpp
Processing file AP_Mount/AP_Mount_Topotek.cpp
Processing file AP_Mount/AP_Mount_Alexmos.cpp
Processing file AP_Mount/AP_Mount_Scripting.cpp
Processing file AP_Mount/AP_Mount_Servo.cpp
Processing file AP_Mount/AP_Mount_Scripting.h
Processing file AP_Mount/AP_Mount_SToRM32_serial.h
Processing file AP_Mount/AP_Mount.cpp
Processing file AP_Mount/AP_Mount_SoloGimbal.h
Processing file AP_Mount/AP_Mount_Xacti.cpp
Processing file AP_Mount/AP_Mount_SToRM32.cpp
Processing file AP_Mount/SoloGimbal.cpp
Processing file AP_Mount/AP_Mount_Viewpro.h
Processing file AP_Mount/AP_Mount_Backend_Serial.cpp
Processing file AP_Mount/AP_Mount_Viewpro.cpp
Processing file AP_Mount/AP_Mount_Backend_Serial.h
Processing file AP_Mount/AP_Mount_Servo.h
Processing file AP_Mount/AP_Mount_CADDX.h
Processing file AP_Mount/AP_Mount_Gremsy.cpp
Processing file AP_Mount/AP_Mount_Gremsy.h
Processing file AP_Mount/AP_Mount.h
Processing file AP_Mount/AP_Mount_Xacti.h
Processing file AP_Mount/AP_Mount_Siyi.cpp
Processing file AP_Mount/AP_Mount_SoloGimbal.cpp
Processing file AP_Mount/AP_Mount_XFRobot.h
Processing file AP_Mount/AP_Mount_SToRM32.h
Processing file AP_Mount/AP_Mount_XFRobot.cpp
Processing file AP_Mount/AP_Mount_Siyi.h
Processing file AP_Mount/SoloGimbal_Parameters.h
Processing file AP_Mount/AP_Mount_Alexmos.h
Processing file AP_Mount/AP_Mount_SToRM32_serial.cpp
Processing file AP_Mount/SoloGimbal.h
Processing file AP_Mount/SoloGimbal_Parameters.cpp
Processing file AP_MultiHeap/AP_MultiHeap.h
Processing file AP_MultiHeap/MultiHeap_malloc.cpp
Processing file AP_MultiHeap/AP_MultiHeap.cpp
Processing file AP_NMEA_Output/AP_NMEA_Output.h
Processing file AP_NMEA_Output/AP_NMEA_Output.cpp
Processing file AP_NavEKF/EKF_Buffer.cpp
Processing file AP_NavEKF/AP_NavEKF_core_common.h
Processing file AP_NavEKF/AP_NavEKF_Source.cpp
Processing file AP_NavEKF/EKFGSF_yaw.cpp
Processing file AP_NavEKF/EKF_Buffer.h
Processing file AP_NavEKF/AP_NavEKF_core_common.cpp
Processing file AP_NavEKF/AP_NavEKF_Source.h
Processing file AP_NavEKF/EKFGSF_Logging.cpp
Processing file AP_NavEKF2/AP_NavEKF2.h
Processing file AP_NavEKF2/AP_NavEKF2_core.cpp
Processing file AP_NavEKF2/AP_NavEKF2_RngBcnFusion.cpp
Processing file AP_NavEKF2/AP_NavEKF2.cpp
Processing file AP_NavEKF2/AP_NavEKF2_VehicleStatus.cpp
Processing file AP_NavEKF2/AP_NavEKF2_Logging.cpp
Processing file AP_NavEKF2/AP_NavEKF2_AirDataFusion.cpp
Processing file AP_NavEKF2/AP_NavEKF2_OptFlowFusion.cpp
Processing file AP_NavEKF2/AP_NavEKF2_Measurements.cpp
Processing file AP_NavEKF2/AP_NavEKF2_Outputs.cpp
Processing file AP_NavEKF2/AP_NavEKF_GyroBias.cpp
Processing file AP_NavEKF2/AP_NavEKF2_MagFusion.cpp
Processing file AP_NavEKF2/AP_NavEKF2_PosVelFusion.cpp
Processing file AP_NavEKF2/AP_NavEKF2_Control.cpp
Processing file AP_NavEKF3/AP_NavEKF3_Outputs.cpp
Processing file AP_NavEKF3/AP_NavEKF3_AirDataFusion.cpp
Processing file AP_NavEKF3/AP_NavEKF3_VehicleStatus.cpp
Processing file AP_NavEKF3/AP_NavEKF3_PosVelFusion.cpp
Processing file AP_NavEKF3/AP_NavEKF3.cpp
Processing file AP_NavEKF3/AP_NavEKF3_core.cpp
Processing file AP_NavEKF3/AP_NavEKF3_RngBcnFusion.cpp
Processing file AP_NavEKF3/AP_NavEKF3_Measurements.cpp
Processing file AP_NavEKF3/AP_NavEKF3_Logging.cpp
Processing file AP_NavEKF3/AP_NavEKF3_MagFusion.cpp
Processing file AP_NavEKF3/AP_NavEKF3_core.h
Processing file AP_NavEKF3/AP_NavEKF3_GyroBias.cpp
Processing file AP_NavEKF3/AP_NavEKF3.h
Processing file AP_NavEKF3/AP_NavEKF3_Control.cpp
Processing file AP_NavEKF3/AP_NavEKF3_OptFlowFusion.cpp
Processing file AP_Networking/AP_Networking_address.cpp
Processing file AP_Networking/AP_Networking.h
Processing file AP_Networking/AP_Networking_SITL.h
Processing file AP_Networking/AP_Networking_port.cpp
Processing file AP_Networking/AP_Networking_Backend.h
Processing file AP_Networking/AP_Networking.cpp
Processing file AP_Networking/AP_Networking_Backend.cpp
Processing file AP_Notify/ScriptingLED.cpp
Processing file AP_Notify/MMLPlayer.cpp
Processing file AP_Notify/RGBLed.cpp
Processing file AP_Notify/NCP5623.cpp
Processing file AP_Notify/Buzzer.cpp
Processing file AP_Notify/ToneAlarm.cpp
Processing file AP_Notify/IS31FL3195.h
Processing file AP_Notify/ToshibaLED_I2C.h
Processing file AP_Notify/IS31FL3195.cpp
Processing file AP_Notify/DroneCAN_RGB_LED.cpp
Processing file AP_Notify/NeoPixel.cpp
Processing file AP_Notify/ProfiLED.cpp
Processing file AP_Notify/NotifyDevice.h
Processing file AP_Notify/SerialLED.cpp
Processing file AP_Notify/LP5562.cpp
Processing file AP_Notify/Display.cpp
Processing file AP_Notify/AP_Notify.h
Processing file AP_Notify/Buzzer.h
Processing file AP_Notify/AP_Notify.cpp
Processing file AP_Notify/SerialLED.h
Processing file AP_Notify/Display_Backend.h
Processing file AP_Notify/ScriptingLED.h
Processing file AP_Notify/Display_SH1106_I2C.cpp
Processing file AP_Notify/ToshibaLED_I2C.cpp
Processing file AP_Notify/PCA9685LED_I2C.cpp
Processing file AP_Notify/Display_SSD1306_I2C.cpp
Processing file AP_OLC/AP_OLC.cpp
Processing file AP_OSD/AP_OSD_MSP_DisplayPort.cpp
Processing file AP_OSD/AP_OSD_Screen.cpp
Processing file AP_OSD/AP_OSD_MSP_DisplayPort.h
Processing file AP_OSD/AP_OSD_Setting.cpp
Processing file AP_OSD/AP_OSD_Backend.cpp
Processing file AP_OSD/AP_OSD.h
Processing file AP_OSD/AP_OSD_ParamSetting.cpp
Processing file AP_OSD/AP_OSD_ParamScreen.cpp
Processing file AP_OSD/AP_OSD_MSP.cpp
Processing file AP_OSD/AP_OSD_MSP.h
Processing file AP_OSD/AP_OSD.cpp
Processing file AP_OSD/AP_OSD_Backend.h
Processing file AP_OpenDroneID/AP_OpenDroneID.h
Processing file AP_OpenDroneID/AP_OpenDroneID_DroneCAN.cpp
Processing file AP_OpenDroneID/AP_OpenDroneID.cpp
Processing file AP_OpticalFlow/AP_OpticalFlow_HereFlow.cpp
Processing file AP_OpticalFlow/AP_OpticalFlow_PX4Flow.cpp
Processing file AP_OpticalFlow/AP_OpticalFlow_MSP.h
Processing file AP_OpticalFlow/AP_OpticalFlow_Calibrator.cpp
Processing file AP_OpticalFlow/AP_OpticalFlow.h
Processing file AP_OpticalFlow/AP_OpticalFlow.cpp
Processing file AP_OpticalFlow/AP_OpticalFlow_Backend.h
Processing file AP_OpticalFlow/AP_OpticalFlow_Calibrator.h
Processing file AP_OpticalFlow/AP_OpticalFlow_CXOF.cpp
Processing file AP_OpticalFlow/AP_OpticalFlow_MAV.cpp
Processing file AP_OpticalFlow/AP_OpticalFlow_Pixart.cpp
Processing file AP_OpticalFlow/AP_OpticalFlow_UPFLOW.cpp
Processing file AP_OpticalFlow/AP_OpticalFlow_MSP.cpp
Processing file AP_OpticalFlow/AP_OpticalFlow_PX4Flow.h
Processing file AP_OpticalFlow/AP_OpticalFlow_Pixart.h
Processing file AP_OpticalFlow/AP_OpticalFlow_SITL.cpp
Processing file AP_OpticalFlow/AP_OpticalFlow_Backend.cpp
Processing file AP_OpticalFlow/AP_OpticalFlow_HereFlow.h
Processing file AP_OpticalFlow/AP_OpticalFlow_MAV.h
Processing file AP_Parachute/AP_Parachute.h
Processing file AP_Parachute/AP_Parachute.cpp
Processing file AP_Param/AP_Param.h
Processing file AP_Param/AP_ParamT.cpp
Processing file AP_Param/AP_Param.cpp
Processing file AP_PiccoloCAN/AP_PiccoloCAN_Servo.h
Processing file AP_PiccoloCAN/AP_PiccoloCAN_Device.h
Processing file AP_PiccoloCAN/AP_PiccoloCAN_ESC.h
Processing file AP_PiccoloCAN/AP_PiccoloCAN_Servo.cpp
Processing file AP_PiccoloCAN/AP_PiccoloCAN_ESC.cpp
Processing file AP_PiccoloCAN/AP_PiccoloCAN_ECU.cpp
Processing file AP_PiccoloCAN/AP_PiccoloCAN.cpp
Processing file AP_PiccoloCAN/piccolo_protocol/ServoPackets.c
Processing file AP_PiccoloCAN/piccolo_protocol/ECUDefines.c
Processing file AP_PiccoloCAN/piccolo_protocol/scaledencode.c
Processing file AP_PiccoloCAN/piccolo_protocol/ECUPackets.c
Processing file AP_PiccoloCAN/piccolo_protocol/scaleddecode.c
Processing file AP_PiccoloCAN/piccolo_protocol/ESCDefines.c
Processing file AP_PiccoloCAN/piccolo_protocol/fielddecode.c
Processing file AP_PiccoloCAN/piccolo_protocol/fieldencode.c
Processing file AP_PiccoloCAN/piccolo_protocol/ServoDefines.c
Processing file AP_PiccoloCAN/piccolo_protocol/ESCPackets.c
Processing file AP_Proximity/AP_Proximity_RangeFinder.cpp
Processing file AP_Proximity/AP_Proximity_LightWareSF45B.cpp
Processing file AP_Proximity/AP_Proximity_MR72_CAN.h
Processing file AP_Proximity/AP_Proximity_LightWareSerial.cpp
Processing file AP_Proximity/AP_Proximity_RangeFinder.h
Processing file AP_Proximity/AP_Proximity_LD06.cpp
Processing file AP_Proximity/AP_Proximity_RPLidarA2.cpp
Processing file AP_Proximity/AP_Proximity_Params.cpp
Processing file AP_Proximity/AP_Proximity.h
Processing file AP_Proximity/AP_Proximity_MR72_CAN.cpp
Processing file AP_Proximity/AP_Proximity_SITL.cpp
Processing file AP_Proximity/AP_Proximity_Scripting.cpp
Processing file AP_Proximity/AP_Proximity_LD06.h
Processing file AP_Proximity/AP_Proximity_RPLidarA2.h
Processing file AP_Proximity/AP_Proximity_Backend.cpp
Processing file AP_Proximity/AP_Proximity_MAV.cpp
Processing file AP_Proximity/AP_Proximity_LightWareSF45B.h
Processing file AP_Proximity/AP_Proximity.cpp
Processing file AP_Proximity/AP_Proximity_Backend_Serial.h
Processing file AP_Proximity/AP_Proximity_Boundary_3D.h
Processing file AP_Proximity/AP_Proximity_Backend.h
Processing file AP_Proximity/AP_Proximity_Backend_Serial.cpp
Processing file AP_Proximity/AP_Proximity_TeraRangerTowerEvo.cpp
Processing file AP_Proximity/AP_Proximity_Cygbot_D1.cpp
Processing file AP_Proximity/AP_Proximity_LightWareSF40C.cpp
Processing file AP_Proximity/AP_Proximity_Boundary_3D.cpp
Processing file AP_Proximity/AP_Proximity_TeraRangerTower.cpp
Processing file AP_Proximity/AP_Proximity_Utils.cpp
Processing file AP_Proximity/AP_Proximity_DroneCAN.cpp
Processing file AP_Proximity/AP_Proximity_Cygbot_D1.h
Processing file AP_Proximity/AP_Proximity_AirSimSITL.cpp
Processing file AP_Proximity/AP_Proximity_Scripting.h
Processing file AP_Proximity/AP_Proximity_MAV.h
Processing file AP_Proximity/AP_Proximity_LightWareSF40C.h
Processing file AP_Quicktune/AP_Quicktune.h
Processing file AP_Quicktune/AP_Quicktune.cpp
Processing file AP_RAMTRON/AP_RAMTRON.h
Processing file AP_RAMTRON/AP_RAMTRON.cpp
Processing file AP_RCMapper/AP_RCMapper.h
Processing file AP_RCMapper/AP_RCMapper.cpp
Processing file AP_RCProtocol/AP_RCProtocol_Backend.cpp
Processing file AP_RCProtocol/AP_RCProtocol_SUMD.cpp
Processing file AP_RCProtocol/AP_RCProtocol_SRXL.cpp
Processing file AP_RCProtocol/AP_RCProtocol_ST24.h
Processing file AP_RCProtocol/AP_RCProtocol_DSM.h
Processing file AP_RCProtocol/AP_RCProtocol_MAVLinkRadio.cpp
Processing file AP_RCProtocol/AP_RCProtocol_SRXL2.h
Processing file AP_RCProtocol/AP_RCProtocol_DSM.cpp
Processing file AP_RCProtocol/AP_RCProtocol.cpp
Processing file AP_RCProtocol/AP_RCProtocol_DroneCAN.cpp
Processing file AP_RCProtocol/AP_RCProtocol_PPMSum.cpp
Processing file AP_RCProtocol/AP_RCProtocol_DroneCAN.h
Processing file AP_RCProtocol/AP_RCProtocol_Backend.h
Processing file AP_RCProtocol/AP_RCProtocol_SBUS.cpp
Processing file AP_RCProtocol/AP_RCProtocol_GHST.cpp
Processing file AP_RCProtocol/AP_RCProtocol_UDP.cpp
Processing file AP_RCProtocol/AP_RCProtocol_FPort2.cpp
Processing file AP_RCProtocol/AP_RCProtocol_PPMSum.h
Processing file AP_RCProtocol/AP_RCProtocol_GHST.h
Processing file AP_RCProtocol/spm_srxl.cpp
Processing file AP_RCProtocol/AP_RCProtocol_FDM.h
Processing file AP_RCProtocol/AP_RCProtocol_UDP.h
Processing file AP_RCProtocol/SoftSerial.h
Processing file AP_RCProtocol/AP_RCProtocol.h
Processing file AP_RCProtocol/AP_RCProtocol_ST24.cpp
Processing file AP_RCProtocol/AP_RCProtocol_CRSF.cpp
Processing file AP_RCProtocol/AP_RCProtocol_SUMD.h
Processing file AP_RCProtocol/AP_RCProtocol_SRXL2.cpp
Processing file AP_RCProtocol/AP_RCProtocol_CRSF.h
Processing file AP_RCProtocol/AP_RCProtocol_SRXL.h
Processing file AP_RCProtocol/AP_RCProtocol_FPort.cpp
Processing file AP_RCProtocol/AP_RCProtocol_IBUS.cpp
Processing file AP_RCProtocol/SoftSerial.cpp
Processing file AP_RCProtocol/AP_RCProtocol_FDM.cpp
Processing file AP_RCTelemetry/AP_CRSF_Telem.cpp
Processing file AP_RCTelemetry/AP_GHST_Telem.h
Processing file AP_RCTelemetry/AP_Spektrum_Telem.cpp
Processing file AP_RCTelemetry/AP_RCTelemetry.cpp
Processing file AP_RCTelemetry/AP_Spektrum_Telem.h
Processing file AP_RCTelemetry/AP_GHST_Telem.cpp
Processing file AP_RCTelemetry/AP_RCTelemetry.h
Processing file AP_RCTelemetry/AP_CRSF_Telem.h
Processing file AP_ROMFS/AP_ROMFS.cpp
Processing file AP_ROMFS/tinflate.cpp
Processing file AP_RPM/RPM_Backend.h
Processing file AP_RPM/RPM_Generator.cpp
Processing file AP_RPM/AP_RPM.h
Processing file AP_RPM/AP_RPM.cpp
Processing file AP_RPM/RPM_Pin.cpp
Processing file AP_RPM/RPM_DroneCAN.cpp
Processing file AP_RPM/AP_RPM_Params.cpp
Processing file AP_RPM/RPM_EFI.cpp
Processing file AP_RPM/RPM_Backend.cpp
Processing file AP_RPM/RPM_SITL.cpp
Processing file AP_RPM/RPM_HarmonicNotch.cpp
Processing file AP_RPM/RPM_ESC_Telem.cpp
Processing file AP_RSSI/AP_RSSI.h
Processing file AP_RSSI/AP_RSSI.cpp
Processing file AP_RTC/JitterCorrection.cpp
Processing file AP_RTC/AP_RTC.h
Processing file AP_RTC/AP_RTC.cpp
Processing file AP_Rally/AP_Rally.h
Processing file AP_Rally/AP_Rally.cpp
Processing file AP_RangeFinder/AP_RangeFinder_Lanbao.cpp
Processing file AP_RangeFinder/AP_RangeFinder_TOFSenseP_CAN.cpp
Processing file AP_RangeFinder/AP_RangeFinder_DroneCAN.cpp
Processing file AP_RangeFinder/AP_RangeFinder_JRE_Serial.h
Processing file AP_RangeFinder/AP_RangeFinder_Lua.cpp
Processing file AP_RangeFinder/AP_RangeFinder_Backend_CAN.h
Processing file AP_RangeFinder/AP_RangeFinder_LeddarVu8.h
Processing file AP_RangeFinder/AP_RangeFinder_USD1_CAN.cpp
Processing file AP_RangeFinder/AP_RangeFinder_MSP.cpp
Processing file AP_RangeFinder/AP_RangeFinder_Benewake_TF03.h
Processing file AP_RangeFinder/AP_RangeFinder_MaxsonarSerialLV.h
Processing file AP_RangeFinder/AP_RangeFinder_RDS02UF.h
Processing file AP_RangeFinder/AP_RangeFinder_JRE_Serial.cpp
Processing file AP_RangeFinder/AP_RangeFinder_PulsedLightLRF.cpp
Processing file AP_RangeFinder/AP_RangeFinder_VL53L0X.h
Processing file AP_RangeFinder/AP_RangeFinder_NRA24_CAN.cpp
Processing file AP_RangeFinder/AP_RangeFinder.h
Processing file AP_RangeFinder/AP_RangeFinder_Lanbao.h
Processing file AP_RangeFinder/AP_RangeFinder_VL53L1X.h
Processing file AP_RangeFinder/AP_RangeFinder_MAVLink.h
Processing file AP_RangeFinder/AP_RangeFinder_Ainstein_LR_D1.cpp
Processing file AP_RangeFinder/AP_RangeFinder_USD1_Serial.h
Processing file AP_RangeFinder/AP_RangeFinder_TOFSenseP_CAN.h
Processing file AP_RangeFinder/AP_RangeFinder_GYUS42v2.h
Processing file AP_RangeFinder/AP_RangeFinder_analog.h
Processing file AP_RangeFinder/AP_RangeFinder_NoopLoop.cpp
Processing file AP_RangeFinder/AP_RangeFinder_Backend.cpp
Processing file AP_RangeFinder/AP_RangeFinder_MaxsonarI2CXL.h
Processing file AP_RangeFinder/AP_RangeFinder_Ainstein_LR_D1.h
Processing file AP_RangeFinder/AP_RangeFinder_LightWareSerial.cpp
Processing file AP_RangeFinder/AP_RangeFinder_Benewake.cpp
Processing file AP_RangeFinder/AP_RangeFinder_PulsedLightLRF.h
Processing file AP_RangeFinder/AP_RangeFinder_SITL.cpp
Processing file AP_RangeFinder/AP_RangeFinder_MaxsonarI2CXL.cpp
Processing file AP_RangeFinder/AP_RangeFinder_LightWareI2C.h
Processing file AP_RangeFinder/AP_RangeFinder_GYUS42v2.cpp
Processing file AP_RangeFinder/AP_RangeFinder_MAVLink.cpp
Processing file AP_RangeFinder/AP_RangeFinder_Backend.h
Processing file AP_RangeFinder/AP_RangeFinder_LeddarOne.h
Processing file AP_RangeFinder/AP_RangeFinder_Benewake_CAN.h
Processing file AP_RangeFinder/AP_RangeFinder_Lua.h
Processing file AP_RangeFinder/AP_RangeFinder_TeraRanger_Serial.cpp
Processing file AP_RangeFinder/AP_RangeFinder_RDS02UF.cpp
Processing file AP_RangeFinder/AP_RangeFinder_NMEA.cpp
Processing file AP_RangeFinder/AP_RangeFinder_Benewake_TF02.h
Processing file AP_RangeFinder/AP_RangeFinder_Benewake_TFMiniPlus.cpp
Processing file AP_RangeFinder/AP_RangeFinder_NRA24_CAN.h
Processing file AP_RangeFinder/AP_RangeFinder_DroneCAN.h
Processing file AP_RangeFinder/AP_RangeFinder_HC_SR04.h
Processing file AP_RangeFinder/AP_RangeFinder_VL53L1X.cpp
Processing file AP_RangeFinder/AP_RangeFinder_LightWareI2C.cpp
Processing file AP_RangeFinder/AP_RangeFinder_USD1_Serial.cpp
Processing file AP_RangeFinder/AP_RangeFinder_Wasp.cpp
Processing file AP_RangeFinder/AP_RangeFinder_MaxsonarSerialLV.cpp
Processing file AP_RangeFinder/AP_RangeFinder_Backend_CAN.cpp
Processing file AP_RangeFinder/AP_RangeFinder_NMEA.h
Processing file AP_RangeFinder/AP_RangeFinder_TOFSenseF_I2C.h
Processing file AP_RangeFinder/AP_RangeFinder_HC_SR04.cpp
Processing file AP_RangeFinder/AP_RangeFinder_Benewake_TFMiniPlus.h
Processing file AP_RangeFinder/AP_RangeFinder.cpp
Processing file AP_RangeFinder/AP_RangeFinder_Benewake_CAN.cpp
Processing file AP_RangeFinder/AP_RangeFinder_Benewake_TFMini.h
Processing file AP_RangeFinder/AP_RangeFinder_MSP.h
Processing file AP_RangeFinder/AP_RangeFinder_Params.cpp
Processing file AP_RangeFinder/AP_RangeFinder_TeraRanger_Serial.h
Processing file AP_RangeFinder/AP_RangeFinder_analog.cpp
Processing file AP_RangeFinder/AP_RangeFinder_TeraRangerI2C.cpp
Processing file AP_RangeFinder/AP_RangeFinder_BLPing.cpp
Processing file AP_RangeFinder/AP_RangeFinder_TeraRangerI2C.h
Processing file AP_RangeFinder/AP_RangeFinder_BLPing.h
Processing file AP_RangeFinder/AP_RangeFinder_TOFSenseF_I2C.cpp
Processing file AP_RangeFinder/AP_RangeFinder_USD1_CAN.h
Processing file AP_RangeFinder/AP_RangeFinder_LightWareSerial.h
Processing file AP_RangeFinder/AP_RangeFinder_VL53L0X.cpp
Processing file AP_RangeFinder/AP_RangeFinder_LeddarOne.cpp
Processing file AP_RangeFinder/AP_RangeFinder_LeddarVu8.cpp
Processing file AP_RangeFinder/AP_RangeFinder_Backend_Serial.cpp
Processing file AP_RangeFinder/AP_RangeFinder_Backend_Serial.h
Processing file AP_RangeFinder/AP_RangeFinder_NoopLoop.h
Processing file AP_RangeFinder/AP_RangeFinder_Benewake.h
Processing file AP_RangeFinder/AP_RangeFinder_Wasp.h
Processing file AP_RangeFinder/AP_RangeFinder_SITL.h
Processing file AP_Relay/AP_Relay_Params.cpp
Processing file AP_Relay/AP_Relay.cpp
Processing file AP_Relay/AP_Relay.h
Processing file AP_RobotisServo/AP_RobotisServo.cpp
Processing file AP_SBusOut/AP_SBusOut.cpp
Processing file AP_Scheduler/PerfInfo.cpp
Processing file AP_Scheduler/PerfInfo.h
Processing file AP_Scheduler/AP_Scheduler.cpp
Processing file AP_Scheduler/AP_Scheduler.h
Processing file AP_Scripting/AP_Scripting.cpp
Processing file AP_Scripting/AP_Scripting_CRSFMenu.h
Processing file AP_Scripting/lua_scripts.h
Processing file AP_Scripting/AP_Scripting_CANSensor.h
Processing file AP_Scripting/AP_Scripting_SerialDevice.cpp
Processing file AP_Scripting/AP_Scripting_SerialAccess.cpp
Processing file AP_Scripting/lua_bindings.cpp
Processing file AP_Scripting/AP_Scripting.h
Processing file AP_Scripting/AP_Scripting_CRSFMenu.cpp
Processing file AP_Scripting/lua_boxed_numerics.cpp
Processing file AP_Scripting/AP_Scripting_helpers.cpp
Processing file AP_Scripting/AP_Scripting_CANSensor.cpp
Processing file AP_Scripting/AP_Scripting_SerialDevice.h
Processing file AP_Scripting/AP_Scripting_SerialAccess.h
Processing file AP_Scripting/lua_scripts.cpp
Processing file AP_Scripting/lua/src/lbaselib.c
Processing file AP_Scripting/lua/src/ldump.c
Processing file AP_Scripting/lua/src/loadlib.c
Processing file AP_Scripting/lua/src/lgc.c
Processing file AP_Scripting/lua/src/ldo.c
Processing file AP_Scripting/lua/src/lzio.c
Processing file AP_Scripting/lua/src/ltable.c
Processing file AP_Scripting/lua/src/lstring.c
Processing file AP_Scripting/lua/src/ltm.c
Processing file AP_Scripting/lua/src/lstrlib.c
Processing file AP_Scripting/lua/src/lobject.c
Processing file AP_Scripting/lua/src/lparser.c
Processing file AP_Scripting/lua/src/lvm.c
Processing file AP_Scripting/lua/src/llex.c
Processing file AP_Scripting/lua/src/lapi.c
Processing file AP_Scripting/lua/src/lmathlib.c
Processing file AP_Scripting/lua/src/lmem.c
Processing file AP_Scripting/lua/src/lcode.c
Processing file AP_Scripting/lua/src/ldebug.c
Processing file AP_Scripting/lua/src/lauxlib.c
Processing file AP_Scripting/lua/src/lfunc.c
Processing file AP_Scripting/lua/src/liolib.c
Processing file AP_Scripting/lua/src/lstate.c
Processing file AP_Scripting/lua/src/ltablib.c
Processing file AP_SerialLED/AP_SerialLED.h
Processing file AP_SerialLED/AP_SerialLED.cpp
Processing file AP_SerialManager/AP_SerialManager.cpp
Processing file AP_SerialManager/AP_SerialManager.h
Processing file AP_ServoRelayEvents/AP_ServoRelayEvents.h
Processing file AP_ServoRelayEvents/AP_ServoRelayEvents.cpp
Processing file AP_Servo_Telem/AP_Servo_Telem.cpp
Processing file AP_SmartRTL/AP_SmartRTL.cpp
Processing file AP_SmartRTL/AP_SmartRTL.h
Processing file AP_Soaring/ExtendedKalmanFilter.h
Processing file AP_Soaring/Variometer.h
Processing file AP_Soaring/AP_Soaring.cpp
Processing file AP_Soaring/AP_Soaring.h
Processing file AP_Soaring/SpeedToFly.cpp
Processing file AP_Soaring/SpeedToFly.h
Processing file AP_Soaring/Variometer.cpp
Processing file AP_Soaring/ExtendedKalmanFilter.cpp
Processing file AP_Stats/AP_Stats.h
Processing file AP_Stats/AP_Stats.cpp
Processing file AP_SurfaceDistance/AP_SurfaceDistance.h
Processing file AP_SurfaceDistance/AP_SurfaceDistance.cpp
Processing file AP_TECS/AP_TECS.cpp
Processing file AP_TECS/AP_TECS.h
Processing file AP_TempCalibration/AP_TempCalibration.cpp
Processing file AP_TempCalibration/AP_TempCalibration.h
Processing file AP_TemperatureSensor/AP_TemperatureSensor_Backend.h
Processing file AP_TemperatureSensor/AP_TemperatureSensor_MCP9600.h
Processing file AP_TemperatureSensor/AP_TemperatureSensor_TSYS03.cpp
Processing file AP_TemperatureSensor/AP_TemperatureSensor_MLX90614.h
Processing file AP_TemperatureSensor/AP_TemperatureSensor.cpp
Processing file AP_TemperatureSensor/AP_TemperatureSensor.h
Processing file AP_TemperatureSensor/AP_TemperatureSensor_DroneCAN.h
Processing file AP_TemperatureSensor/AP_TemperatureSensor_Analog.cpp
Processing file AP_TemperatureSensor/AP_TemperatureSensor_MCP9600.cpp
Processing file AP_TemperatureSensor/AP_TemperatureSensor_Params.cpp
Processing file AP_TemperatureSensor/AP_TemperatureSensor_TSYS03.h
Processing file AP_TemperatureSensor/AP_TemperatureSensor_SHT3x.cpp
Processing file AP_TemperatureSensor/AP_TemperatureSensor_SHT3x.h
Processing file AP_TemperatureSensor/AP_TemperatureSensor_MAX31865.cpp
Processing file AP_TemperatureSensor/AP_TemperatureSensor_MLX90614.cpp
Processing file AP_TemperatureSensor/AP_TemperatureSensor_TSYS01.h
Processing file AP_TemperatureSensor/AP_TemperatureSensor_TSYS01.cpp
Processing file AP_TemperatureSensor/AP_TemperatureSensor_DroneCAN.cpp
Processing file AP_TemperatureSensor/AP_TemperatureSensor_MAX31865.h
Processing file AP_TemperatureSensor/AP_TemperatureSensor_Backend.cpp
Processing file AP_Terrain/TerrainGCS.cpp
Processing file AP_Terrain/AP_Terrain.h
Processing file AP_Terrain/AP_Terrain.cpp
Processing file AP_Terrain/TerrainMission.cpp
Processing file AP_Terrain/TerrainIO.cpp
Processing file AP_Terrain/TerrainUtil.cpp
Processing file AP_Torqeedo/AP_Torqeedo_Backend.h
Processing file AP_Torqeedo/AP_Torqeedo_TQBus.cpp
Processing file AP_Torqeedo/AP_Torqeedo_Params.cpp
Processing file AP_Torqeedo/AP_Torqeedo_TQBus.h
Processing file AP_Torqeedo/AP_Torqeedo.cpp
Processing file AP_Torqeedo/AP_Torqeedo_Backend.cpp
Processing file AP_Tuning/AP_Tuning.cpp
Processing file AP_Tuning/AP_Tuning.h
Processing file AP_Vehicle/AP_Vehicle.cpp
Processing file AP_Vehicle/Parameters.cpp
Processing file AP_Vehicle/AP_Vehicle.h
Processing file AP_VideoTX/AP_VideoTX.cpp
Processing file AP_VideoTX/AP_VideoTX.h
Processing file AP_VideoTX/AP_Tramp.h
Processing file AP_VideoTX/AP_Tramp.cpp
Processing file AP_VideoTX/AP_SmartAudio.cpp
Processing file AP_VideoTX/AP_SmartAudio.h
Processing file AP_VisualOdom/AP_VisualOdom_IntelT265.cpp
Processing file AP_VisualOdom/AP_VisualOdom_Backend.cpp
Processing file AP_VisualOdom/AP_VisualOdom_IntelT265.h
Processing file AP_VisualOdom/AP_VisualOdom_Backend.h
Processing file AP_VisualOdom/AP_VisualOdom.cpp
Processing file AP_VisualOdom/AP_VisualOdom_Logging.cpp
Processing file AP_VisualOdom/AP_VisualOdom.h
Processing file AP_VisualOdom/AP_VisualOdom_MAV.cpp
Processing file AP_Volz_Protocol/AP_Volz_Protocol.cpp
Processing file AP_WheelEncoder/WheelEncoder_Backend.cpp
Processing file AP_WheelEncoder/AP_WheelRateControl.cpp
Processing file AP_WheelEncoder/AP_WheelRateControl.h
Processing file AP_WheelEncoder/AP_WheelEncoder.h
Processing file AP_WheelEncoder/AP_WheelEncoder.cpp
Processing file AP_WheelEncoder/WheelEncoder_SITL_Quadrature.cpp
Processing file AP_WheelEncoder/WheelEncoder_Backend.h
Processing file AP_Winch/AP_Winch.h
Processing file AP_Winch/AP_Winch_Backend.h
Processing file AP_Winch/AP_Winch_Backend.cpp
Processing file AP_Winch/AP_Winch_Daiwa.h
Processing file AP_Winch/AP_Winch_PWM.h
Processing file AP_Winch/AP_Winch.cpp
Processing file AP_Winch/AP_Winch_Daiwa.cpp
Processing file AP_Winch/AP_Winch_PWM.cpp
Processing file AP_WindVane/AP_WindVane_ModernDevice.cpp
Processing file AP_WindVane/AP_WindVane_Analog.cpp
Processing file AP_WindVane/AP_WindVane_Airspeed.cpp
Processing file AP_WindVane/AP_WindVane_Backend.cpp
Processing file AP_WindVane/AP_WindVane.h
Processing file AP_WindVane/AP_WindVane_Home.cpp
Processing file AP_WindVane/AP_WindVane_RPM.cpp
Processing file AP_WindVane/AP_WindVane_SITL.cpp
Processing file AP_WindVane/AP_WindVane.cpp
Processing file AP_WindVane/AP_WindVane_NMEA.cpp
Processing file AP_WindVane/AP_WindVane_Backend.h
Processing file AR_Motors/AP_MotorsUGV.cpp
Processing file AR_Motors/AP_MotorsUGV.h
Processing file AR_WPNav/AR_WPNav.cpp
Processing file AR_WPNav/AR_WPNav.h
Processing file AR_WPNav/AR_WPNav_OA.cpp
Processing file AR_WPNav/AR_PivotTurn.cpp
Processing file AR_WPNav/AR_PivotTurn.h
Processing file Filter/AP_Filter.h
Processing file Filter/ModeFilter.h
Processing file Filter/AP_Filter_params.cpp
Processing file Filter/LowPassFilter.h
Processing file Filter/NotchFilter.cpp
Processing file Filter/DerivativeFilter.h
Processing file Filter/HarmonicNotchFilter.cpp
Processing file Filter/AP_NotchFilter_params.cpp
Processing file Filter/AverageFilter.h
Processing file Filter/HarmonicNotchFilter.h
Processing file Filter/DerivativeFilter.cpp
Processing file Filter/LowPassFilter.cpp
Processing file Filter/NotchFilter.h
Processing file Filter/ModeFilter.cpp
Processing file Filter/AP_Filter.cpp
Processing file Filter/FilterWithBuffer.h
Processing file Filter/SlewLimiter.h
Processing file Filter/LowPassFilter2p.cpp
Processing file Filter/SlewLimiter.cpp
Processing file GCS_MAVLink/GCS_ServoRelay.cpp
Processing file GCS_MAVLink/MissionItemProtocol_Waypoints.cpp
Processing file GCS_MAVLink/MissionItemProtocol_Rally.cpp
Processing file GCS_MAVLink/GCS_Dummy.cpp
Processing file GCS_MAVLink/GCS_MAVLink.cpp
Processing file GCS_MAVLink/GCS_serial_control.cpp
Processing file GCS_MAVLink/GCS_Rally.cpp
Processing file GCS_MAVLink/MAVLink_routing.cpp
Processing file GCS_MAVLink/MissionItemProtocol.cpp
Processing file GCS_MAVLink/GCS_Common.cpp
Processing file GCS_MAVLink/GCS_Signing.cpp
Processing file GCS_MAVLink/MissionItemProtocol_Fence.cpp
Processing file GCS_MAVLink/MissionItemProtocol_Waypoints.h
Processing file GCS_MAVLink/GCS_Dummy.h
Processing file GCS_MAVLink/GCS_FTP.cpp
Processing file GCS_MAVLink/GCS_MAVLink.h
Processing file GCS_MAVLink/GCS_Param.cpp
Processing file GCS_MAVLink/MissionItemProtocol_Rally.h
Processing file GCS_MAVLink/GCS_Fence.cpp
Processing file GCS_MAVLink/GCS_DeviceOp.cpp
Processing file GCS_MAVLink/GCS.h
Processing file GCS_MAVLink/GCS.cpp
Processing file GCS_MAVLink/MissionItemProtocol.h
Processing file GCS_MAVLink/MissionItemProtocol_Fence.h
Processing file PID/PID.cpp
Processing file PID/PID.h
Processing file RC_Channel/RC_Channel.h
Processing file RC_Channel/RC_Channel.cpp
Processing file RC_Channel/RC_Channels.cpp
Processing file SITL/SIM_SerialDevice.cpp
Processing file SITL/SIM_MicroStrain7.cpp
Processing file SITL/SIM_JSON_Master.cpp
Processing file SITL/SIM_Webots_Python.cpp
Processing file SITL/SIM_RF_Benewake_TFmini.h
Processing file SITL/SIM_Submarine.cpp
Processing file SITL/SIM_RF_LeddarOne.cpp
Processing file SITL/SIM_XPlane.cpp
Processing file SITL/SIM_RF_USD1_v0.h
Processing file SITL/SIM_Plane.cpp
Processing file SITL/SIM_AirSim.h
Processing file SITL/SIM_ADSB_Sagetech_MXS.cpp
Processing file SITL/SIM_Scrimmage.h
Processing file SITL/SIM_Webots_Python.h
Processing file SITL/SIM_SingleCopter.h
Processing file SITL/SIM_GPS_Trimble.cpp
Processing file SITL/SIM_PS_LightWare_SF45B.h
Processing file SITL/SIM_EFI_Hirth.cpp
Processing file SITL/SIM_ICEngine.h
Processing file SITL/SIM_RF_LightWareSerialBinary.h
Processing file SITL/SIM_IntelligentEnergy.h
Processing file SITL/SIM_Tether.cpp
Processing file SITL/SIM_Morse.h
Processing file SITL/SIM_RF_NMEA.h
Processing file SITL/SIM_BattMonitor_SMBus_Generic.h
Processing file SITL/SIM_GPS.h
Processing file SITL/SIM_Balloon.cpp
Processing file SITL/SIM_ADSB.h
Processing file SITL/SIM_LP5562.h
Processing file SITL/SIM_StratoBlimp.cpp
Processing file SITL/SIM_Parachute.cpp
Processing file SITL/SIM_Glider.h
Processing file SITL/SIM_RGBLED.cpp
Processing file SITL/SIM_PS_TeraRangerTower.cpp
Processing file SITL/SIM_BattMonitor_SMBus_Rotoye.cpp
Processing file SITL/SIM_Volz.cpp
Processing file SITL/SIM_Vicon.cpp
Processing file SITL/SIM_GPS_SBF.cpp
Processing file SITL/SIM_AIS.cpp
Processing file SITL/SIM_GPS_UBLOX.cpp
Processing file SITL/SIM_Temperature_MCP9600.cpp
Processing file SITL/SIM_ELRS.h
Processing file SITL/SIM_Temperature_SHT3x.h
Processing file SITL/SIM_Sprayer.cpp
Processing file SITL/SIM_JSBSim.cpp
Processing file SITL/SIM_Rover.h
Processing file SITL/SIM_Frsky.h
Processing file SITL/SIM_Blimp.h
Processing file SITL/SIM_JSON_Master.h
Processing file SITL/SIM_Glider.cpp
Processing file SITL/SIM_Morse.cpp
Processing file SITL/SIM_Rover.cpp
Processing file SITL/SIM_EFI_Hirth.h
Processing file SITL/SIM_RF_TeraRanger_Serial.cpp
Processing file SITL/SIM_RF_LeddarOne.h
Processing file SITL/SIM_Frsky_D.cpp
Processing file SITL/SIM_MS5611.h
Processing file SITL/SIM_Battery.cpp
Processing file SITL/SIM_ToneAlarm.h
Processing file SITL/SIM_SMBusDevice.cpp
Processing file SITL/SIM_JEDEC.cpp
Processing file SITL/SIM_GPS.cpp
Processing file SITL/SIM_RGBLED.h
Processing file SITL/SIM_Sprayer.h
Processing file SITL/SIM_PS_RPLidarA1.h
Processing file SITL/SIM_InertialLabs.cpp
Processing file SITL/SIM_MS5525.cpp
Processing file SITL/SIM_RF_NoopLoop.cpp
Processing file SITL/SIM_MaxSonarI2CXL.h
Processing file SITL/SIM_RF_BLping.h
Processing file SITL/SIM_PS_RPLidar.h
Processing file SITL/SIM_RAMTRON.cpp
Processing file SITL/SIM_Plane.h
Processing file SITL/SIM_RF_Ainstein_LR_D1.h
Processing file SITL/SIM_VectorNav.cpp
Processing file SITL/SIM_LM2755.h
Processing file SITL/SIM_GPS_SBP.cpp
Processing file SITL/SIM_Tracker.h
Processing file SITL/SIM_Gimbal.h
Processing file SITL/SIM_SPI.cpp
Processing file SITL/SIM_RF_NoopLoop.h
Processing file SITL/SIM_Loweheiser.cpp
Processing file SITL/SIM_Tracker.cpp
Processing file SITL/SIM_Temperature_TSYS03.h
Processing file SITL/SIM_JSBSim.h
Processing file SITL/SIM_FETtecOneWireESC.cpp
Processing file SITL/SIM_SoloGimbal.h
Processing file SITL/SIM_Sailboat.cpp
Processing file SITL/SIM_PS_LD06.cpp
Processing file SITL/SIM_ADSB_Sagetech_MXS.h
Processing file SITL/SIM_MotorBoat.h
Processing file SITL/SIM_SilentWings.cpp
Processing file SITL/SIM_Calibration.cpp
Processing file SITL/SIM_BattMonitor_SMBus.cpp
Processing file SITL/SIM_BattMonitor_SMBus_Maxell.h
Processing file SITL/SIM_Airspeed_DLVR.cpp
Processing file SITL/SIM_JEDEC.h
Processing file SITL/SIM_Motor.cpp
Processing file SITL/SIM_GeneratorEngine.cpp
Processing file SITL/SIM_Calibration.h
Processing file SITL/SIM_Temperature_SHT3x.cpp
Processing file SITL/SIM_RF_MaxsonarSerialLV.cpp
Processing file SITL/SIM_Gazebo.cpp
Processing file SITL/SIM_BattMonitor_SMBus_Generic.cpp
Processing file SITL/SIM_RF_JRE.h
Processing file SITL/SIM_Precland.h
Processing file SITL/SIM_Multicopter.h
Processing file SITL/SIM_GPS_NOVA.h
Processing file SITL/SIM_RF_Lanbao.cpp
Processing file SITL/SIM_MS5611.cpp
Processing file SITL/SIM_I2CDevice.cpp
Processing file SITL/SIM_GPS_MSP.cpp
Processing file SITL/SIM_Sailboat.h
Processing file SITL/SIM_I2C.cpp
Processing file SITL/SIM_RF_MAVLink.cpp
Processing file SITL/SIM_PS_RPLidarA2.h
Processing file SITL/SIM_I2C.h
Processing file SITL/SIM_Buzzer.h
Processing file SITL/SIM_GPS_NOVA.cpp
Processing file SITL/SIM_Scrimmage.cpp
Processing file SITL/SIM_RF_GYUS42v2.cpp
Processing file SITL/SIM_CRRCSim.h
Processing file SITL/SIM_RF_GYUS42v2.h
Processing file SITL/SIM_RF_LightWareSerial.h
Processing file SITL/SIM_Submarine.h
Processing file SITL/SIM_AirSim.cpp
Processing file SITL/SIM_TeraRangerI2C.h
Processing file SITL/SIM_Aircraft.h
Processing file SITL/SIM_StratoBlimp.h
Processing file SITL/SIM_Helicopter.cpp
Processing file SITL/SIM_INA3221.cpp
Processing file SITL/SIM_Temperature_TSYS03.cpp
Processing file SITL/SIM_QuadPlane.h
Processing file SITL/SIM_Gripper_EPM.cpp
Processing file SITL/SIM_I2CDevice.h
Processing file SITL/SIM_RF_TeraRanger_Serial.h
Processing file SITL/ServoModel.h
Processing file SITL/SIM_Frame.h
Processing file SITL/SIM_FETtecOneWireESC.h
Processing file SITL/SIM_Ship.cpp
Processing file SITL/SIM_RF_Benewake.cpp
Processing file SITL/SIM_RF_Lanbao.h
Processing file SITL/SIM_Gripper_Servo.h
Processing file SITL/SIM_MS5525.h
Processing file SITL/SIM_JEDEC_MX25L3206E.h
Processing file SITL/SIM_ToshibaLED.cpp
Processing file SITL/SIM_RF_USD1_v1.cpp
Processing file SITL/SIM_GPS_FILE.cpp
Processing file SITL/SIM_Temperature_TSYS01.cpp
Processing file SITL/SIM_QuadPlane.cpp
Processing file SITL/SIM_SoloGimbal.cpp
Processing file SITL/SIM_RAMTRON_FM25V02.h
Processing file SITL/SIM_RF_JRE.cpp
Processing file SITL/SIM_AS5600.h
Processing file SITL/SIM_QMC5883L.cpp
Processing file SITL/SIM_RF_Ainstein_LR_D1.cpp
Processing file SITL/SIM_SPI.h
Processing file SITL/SIM_XPlane.h
Processing file SITL/SITL.h
Processing file SITL/SIM_LM2755.cpp
Processing file SITL/SIM_Helicopter.h
Processing file SITL/SIM_IntelligentEnergy24.cpp
Processing file SITL/SITL.cpp
Processing file SITL/SIM_Gripper_EPM.h
Processing file SITL/SIM_Webots.h
Processing file SITL/SIM_RF_NMEA.cpp
Processing file SITL/SIM_RF_MAVLink.h
Processing file SITL/SIM_RF_Wasp.h
Processing file SITL/SIM_JSON.h
Processing file SITL/SIM_EFI_MegaSquirt.cpp
Processing file SITL/SIM_Multicopter.cpp
Processing file SITL/SIM_ToshibaLED.h
Processing file SITL/SIM_SMBusDevice.h
Processing file SITL/SIM_SilentWings.h
Processing file SITL/SIM_Invensense_v3.h
Processing file SITL/SIM_Aircraft.cpp
Processing file SITL/SIM_ToneAlarm.cpp
Processing file SITL/SIM_Webots.cpp
Processing file SITL/SIM_SPIDevice.h
Processing file SITL/SIM_RF_RDS02UF.h
Processing file SITL/SIM_SingleCopter.cpp
Processing file SITL/SIM_RF_LightWareSerial.cpp
Processing file SITL/SIM_Balloon.h
Processing file SITL/SIM_BalanceBot.h
Processing file SITL/SIM_RF_BLping.cpp
Processing file SITL/SIM_CRRCSim.cpp
Processing file SITL/SIM_LP5562.cpp
Processing file SITL/SIM_RAMTRON_FM25V02.cpp
Processing file SITL/SIM_BalanceBot.cpp
Processing file SITL/SIM_TeraRangerI2C.cpp
Processing file SITL/SIM_RF_LightWareSerialBinary.cpp
Processing file SITL/SIM_CRSF.h
Processing file SITL/SIM_RF_Benewake_TF02.h
Processing file SITL/SIM_Gimbal.cpp
Processing file SITL/SIM_RF_MaxsonarSerialLV.h
Processing file SITL/SIM_MicroStrain.cpp
Processing file SITL/SIM_last_letter.h
Processing file SITL/SIM_GPS_SBP2.cpp
Processing file SITL/SIM_ADSB.cpp
Processing file SITL/SIM_Buzzer.cpp
Processing file SITL/SIM_GPS_SBP_Common.cpp
Processing file SITL/SIM_GPS_NMEA.cpp
Processing file SITL/SIM_ICEngine.cpp
Processing file SITL/SIM_BattMonitor_SMBus_Maxell.cpp
Processing file SITL/SIM_Temperature_TSYS01.h
Processing file SITL/SIM_FlightAxis.cpp
Processing file SITL/SIM_Frame.cpp
Processing file SITL/SIM_Parachute.h
Processing file SITL/SIM_Frsky.cpp
Processing file SITL/SIM_FlightAxis.h
Processing file SITL/SIM_BattMonitor_SMBus_Rotoye.h
Processing file SITL/SIM_IS31FL3195.cpp
Processing file SITL/SIM_AS5600.cpp
Processing file SITL/SIM_SerialProximitySensor.cpp
Processing file SITL/SIM_SerialRangeFinder.cpp
Processing file SITL/ServoModel.cpp
Processing file SITL/SIM_CRSF.cpp
Processing file SITL/SIM_RF_Wasp.cpp
Processing file SITL/SIM_RichenPower.cpp
Processing file SITL/SIM_RF_USD1_v0.cpp
Processing file SITL/SIM_SerialRangeFinder.h
Processing file SITL/SIM_Battery.h
Processing file SITL/SIM_Motor.h
Processing file SITL/SIM_Invensense_v3.cpp
Processing file SITL/SIM_PS_RPLidar.cpp
Processing file SITL/SIM_PS_LightWare_SF45B.cpp
Processing file SITL/SIM_Vicon.h
Processing file SITL/SIM_Volz.h
Processing file SITL/SIM_JEDEC_MX25L3206E.cpp
Processing file SITL/SIM_JSON.cpp
Processing file SITL/SIM_ICM40609.h
Processing file SITL/SIM_ELRS.cpp
Processing file SITL/SIM_SerialProximitySensor.h
Processing file SITL/SIM_RF_Benewake_TF03.h
Processing file SITL/SIM_Gripper_Servo.cpp
Processing file SITL/SIM_SlungPayload.cpp
Processing file SITL/SIM_RF_RDS02UF.cpp
Processing file SITL/SIM_RF_USD1_v1.h
Processing file SITL/SIM_last_letter.cpp
Processing file SITL/SIM_Precland.cpp
Processing file SITL/SIM_NoVehicle.h
Processing file SITL/SIM_MS5XXX.cpp
Processing file SITL/SIM_SerialDevice.h
Processing file SITL/SIM_Gazebo.h
Processing file SITL/SIM_Blimp.cpp
Processing file SRV_Channel/SRV_Channel_aux.cpp
Processing file SRV_Channel/SRV_Channels.cpp
Processing file SRV_Channel/SRV_Channel.h
Processing file SRV_Channel/SRV_Channel.cpp
Processing file StorageManager/StorageManager.h
Processing file StorageManager/StorageManager.cpp
Processing file /media/tihan/pavan/kala/modules/lwip/src/core/def.c
Writing directory view page.
Overall coverage rate:
  lines......: 46.8% (83360 of 178125 lines)
  functions..: 56.3% (10849 of 19279 functions)
